******************************************************************************
                  MSP430 Linker PC v18.1.5                     
******************************************************************************
>> Linked Tue May  7 19:52:57 2019

OUTPUT FILE NAME:   <Noodle.out>
ENTRY POINT SYMBOL: "_c_int00_noargs"  address: 00004400


MEMORY CONFIGURATION

         name            origin    length      used     unused   attr    fill
----------------------  --------  ---------  --------  --------  ----  --------
  SFR                   00000000   00000010  00000000  00000010  RWIX
  PERIPHERALS_8BIT      00000010   000000f0  00000000  000000f0  RWIX
  PERIPHERALS_16BIT     00000100   00000100  00000000  00000100  RWIX
  INFOD                 00001800   00000080  00000000  00000080  RWIX
  INFOC                 00001880   00000080  00000000  00000080  RWIX
  INFOB                 00001900   00000080  00000000  00000080  RWIX
  INFOA                 00001980   00000080  00000000  00000080  RWIX
  USBRAM                00001c00   00000800  00000000  00000800  RWIX
  RAM                   00002400   00002000  000013b6  00000c4a  RWIX
  FLASH                 00004400   0000bb80  00000754  0000b42c  RWIX
  INT00                 0000ff80   00000002  00000000  00000002  RWIX
  INT01                 0000ff82   00000002  00000000  00000002  RWIX
  INT02                 0000ff84   00000002  00000000  00000002  RWIX
  INT03                 0000ff86   00000002  00000000  00000002  RWIX
  INT04                 0000ff88   00000002  00000000  00000002  RWIX
  INT05                 0000ff8a   00000002  00000000  00000002  RWIX
  INT06                 0000ff8c   00000002  00000000  00000002  RWIX
  INT07                 0000ff8e   00000002  00000000  00000002  RWIX
  INT08                 0000ff90   00000002  00000000  00000002  RWIX
  INT09                 0000ff92   00000002  00000000  00000002  RWIX
  INT10                 0000ff94   00000002  00000000  00000002  RWIX
  INT11                 0000ff96   00000002  00000000  00000002  RWIX
  INT12                 0000ff98   00000002  00000000  00000002  RWIX
  INT13                 0000ff9a   00000002  00000000  00000002  RWIX
  INT14                 0000ff9c   00000002  00000000  00000002  RWIX
  INT15                 0000ff9e   00000002  00000000  00000002  RWIX
  INT16                 0000ffa0   00000002  00000000  00000002  RWIX
  INT17                 0000ffa2   00000002  00000000  00000002  RWIX
  INT18                 0000ffa4   00000002  00000000  00000002  RWIX
  INT19                 0000ffa6   00000002  00000000  00000002  RWIX
  INT20                 0000ffa8   00000002  00000000  00000002  RWIX
  INT21                 0000ffaa   00000002  00000000  00000002  RWIX
  INT22                 0000ffac   00000002  00000000  00000002  RWIX
  INT23                 0000ffae   00000002  00000000  00000002  RWIX
  INT24                 0000ffb0   00000002  00000000  00000002  RWIX
  INT25                 0000ffb2   00000002  00000000  00000002  RWIX
  INT26                 0000ffb4   00000002  00000000  00000002  RWIX
  INT27                 0000ffb6   00000002  00000000  00000002  RWIX
  INT28                 0000ffb8   00000002  00000000  00000002  RWIX
  INT29                 0000ffba   00000002  00000000  00000002  RWIX
  INT30                 0000ffbc   00000002  00000000  00000002  RWIX
  INT31                 0000ffbe   00000002  00000000  00000002  RWIX
  INT32                 0000ffc0   00000002  00000000  00000002  RWIX
  INT33                 0000ffc2   00000002  00000000  00000002  RWIX
  INT34                 0000ffc4   00000002  00000000  00000002  RWIX
  INT35                 0000ffc6   00000002  00000000  00000002  RWIX
  INT36                 0000ffc8   00000002  00000000  00000002  RWIX
  INT37                 0000ffca   00000002  00000000  00000002  RWIX
  INT38                 0000ffcc   00000002  00000000  00000002  RWIX
  INT39                 0000ffce   00000002  00000000  00000002  RWIX
  INT40                 0000ffd0   00000002  00000000  00000002  RWIX
  INT41                 0000ffd2   00000002  00000002  00000000  RWIX
  INT42                 0000ffd4   00000002  00000002  00000000  RWIX
  INT43                 0000ffd6   00000002  00000002  00000000  RWIX
  INT44                 0000ffd8   00000002  00000002  00000000  RWIX
  INT45                 0000ffda   00000002  00000002  00000000  RWIX
  INT46                 0000ffdc   00000002  00000002  00000000  RWIX
  INT47                 0000ffde   00000002  00000002  00000000  RWIX
  INT48                 0000ffe0   00000002  00000002  00000000  RWIX
  INT49                 0000ffe2   00000002  00000002  00000000  RWIX
  INT50                 0000ffe4   00000002  00000002  00000000  RWIX
  INT51                 0000ffe6   00000002  00000002  00000000  RWIX
  INT52                 0000ffe8   00000002  00000002  00000000  RWIX
  INT53                 0000ffea   00000002  00000002  00000000  RWIX
  INT54                 0000ffec   00000002  00000002  00000000  RWIX
  INT55                 0000ffee   00000002  00000002  00000000  RWIX
  INT56                 0000fff0   00000002  00000002  00000000  RWIX
  INT57                 0000fff2   00000002  00000002  00000000  RWIX
  INT58                 0000fff4   00000002  00000002  00000000  RWIX
  INT59                 0000fff6   00000002  00000002  00000000  RWIX
  INT60                 0000fff8   00000002  00000002  00000000  RWIX
  INT61                 0000fffa   00000002  00000002  00000000  RWIX
  INT62                 0000fffc   00000002  00000002  00000000  RWIX
  RESET                 0000fffe   00000002  00000002  00000000  RWIX
  FLASH2                00010000   00014400  000050ee  0000f312  RWIX


SECTION ALLOCATION MAP

 output                                  attributes/
section   page    origin      length       input sections
--------  ----  ----------  ----------   ----------------
.bss       0    00002400    000011e9     UNINITIALIZED
                  00002400    00000320     (.common:task_list_array)
                  00002720    000002c6     (.common:Brainframe_Net)
                  000029e6    000002c6     (.common:default_net)
                  00002cac    00000258     (.common:task_list_links)
                  00002f04    00000200     (.common:tx_buffer_array0)
                  00003104    000000b8     (.common:transactionArray2)
                  000031bc    000000b4     (.common:spi)
                  00003270    00000092     (.common:sys)
                  00003302    00000080     (.common:tx_buffer_array1)
                  00003382    00000060     adc.obj (.bss:channels)
                  000033e2    00000040     subsystem.obj (.bss:receive_buffer)
                  00003422    00000030     (.common:linkArray2)
                  00003452    00000030     (.common:task_list)
                  00003482    00000028     adc.obj (.bss:pending_measurements)
                  000034aa    00000024     (.common:uart)
                  000034ce    00000020     (.common:rx_buffer_array0)
                  000034ee    00000020     (.common:rx_buffer_array1)
                  0000350e    0000001e     nrf24network.obj (.bss:data$5)
                  0000352c    0000001c     (.common:rx0)
                  00003548    0000001c     (.common:rx1)
                  00003564    0000001c     (.common:tx0)
                  00003580    0000001c     (.common:tx1)
                  0000359c    0000000e     thief.obj (.bss)
                  000035aa    00000008     (.common:receiverList0)
                  000035b2    00000008     (.common:receiverList1)
                  000035ba    00000008     (.common:receiver_array0)
                  000035c2    00000008     (.common:receiver_array1)
                  000035ca    00000004     adc.obj (.bss)
                  000035ce    00000004     nrf24network.obj (.bss:name$4)
                  000035d2    00000004     (.common:idle_task)
                  000035d6    00000004     (.common:ping_time)
                  000035da    00000004     (.common:rollover_time)
                  000035de    00000004     (.common:time_ms)
                  000035e2    00000002     nrf24network.obj (.bss)
                  000035e4    00000002     subsystem.obj (.bss)
                  000035e6    00000001     main.obj (.bss)
                  000035e7    00000001     (.common:error_flags)
                  000035e8    00000001     (.common:rx_flags)

.data      0    000035ea    0000012d     UNINITIALIZED
                  000035ea    00000104     nrf24network.obj (.data:names)
                  000036ee    00000014     subsystem.obj (.data:log_level_str)
                  00003702    00000006     nrf24network.obj (.data)
                  00003708    00000005     main.obj (.data)
                  0000370d    00000001     task.obj (.data)
                  0000370e    00000004     subsystem.obj (.data)
                  00003712    00000002     list.obj (.data)
                  00003714    00000001     thief.obj (.data)
                  00003715    00000001     timing.obj (.data)
                  00003716    00000001     uart.obj (.data)

.stack     0    00004360    000000a0     UNINITIALIZED
                  00004360    00000004     rts430x_lc_rd_eabi.lib : boot.c.obj (.stack)
                  00004364    0000009c     --HOLE--

.text:_isr 
*          0    00004400    00000084     
                  00004400    0000001c     rts430x_lc_rd_eabi.lib : boot.c.obj (.text:_isr:_c_int00_noargs)
                  0000441c    00000018     hal_uart.obj (.text:_isr:_UART0_ISR)
                  00004434    00000018     hal_uart.obj (.text:_isr:_UART1_ISR)
                  0000444c    00000016     hal_adc.obj (.text:_isr:ADC12_ISR)
                  00004462    0000000e     timing.obj (.text:_isr:TIMER0_A0_ISR)
                  00004470    0000000c     hal_spi.obj (.text:_isr:_SPIB0_ISR)
                  0000447c    00000008     rts430x_lc_rd_eabi.lib : isr_trap.asm.obj (.text:_isr:__TI_ISR_TRAP)

.cinit     0    00004a8a    000000ca     
                  00004a8a    000000a7     (.cinit..data.load) [load image, compression = lzss]
                  00004b31    00000001     --HOLE-- [fill = 0]
                  00004b32    0000000c     (__TI_handler_table)
                  00004b3e    00000006     (.cinit..bss.load) [load image, compression = zero_init]
                  00004b44    00000010     (__TI_cinit_table)

.binit     0    00004400    00000000     

.init_array 
*          0    00004400    00000000     UNINITIALIZED

.const     0    00004484    00000606     
                  00004484    0000028e     nrf24network.obj (.const:.string)
                  00004712    00000122     thief.obj (.const:.string)
                  00004834    00000100     strcasecmp.obj (.const:.string:charmap)
                  00004934    000000c4     subsystem.obj (.const:.string)
                  000049f8    0000006a     spi.obj (.const:.string)
                  00004a62    00000028     main.obj (.const:.string)

RTC        0    0000ffd2    00000002     
                  0000ffd2    00000002     rts430x_lc_rd_eabi.lib : int41.asm.obj (.int41)

PORT2      0    0000ffd4    00000002     
                  0000ffd4    00000002     rts430x_lc_rd_eabi.lib : int42.asm.obj (.int42)

TIMER2_A1 
*          0    0000ffd6    00000002     
                  0000ffd6    00000002     rts430x_lc_rd_eabi.lib : int43.asm.obj (.int43)

TIMER2_A0 
*          0    0000ffd8    00000002     
                  0000ffd8    00000002     rts430x_lc_rd_eabi.lib : int44.asm.obj (.int44)

USCI_B1    0    0000ffda    00000002     
                  0000ffda    00000002     rts430x_lc_rd_eabi.lib : int45.asm.obj (.int45)

USCI_A1    0    0000ffdc    00000002     
                  0000ffdc    00000002     hal_uart.obj (.int46)

PORT1      0    0000ffde    00000002     
                  0000ffde    00000002     rts430x_lc_rd_eabi.lib : int47.asm.obj (.int47)

TIMER1_A1 
*          0    0000ffe0    00000002     
                  0000ffe0    00000002     rts430x_lc_rd_eabi.lib : int48.asm.obj (.int48)

TIMER1_A0 
*          0    0000ffe2    00000002     
                  0000ffe2    00000002     rts430x_lc_rd_eabi.lib : int49.asm.obj (.int49)

DMA        0    0000ffe4    00000002     
                  0000ffe4    00000002     rts430x_lc_rd_eabi.lib : int50.asm.obj (.int50)

USB_UBM    0    0000ffe6    00000002     
                  0000ffe6    00000002     rts430x_lc_rd_eabi.lib : int51.asm.obj (.int51)

TIMER0_A1 
*          0    0000ffe8    00000002     
                  0000ffe8    00000002     rts430x_lc_rd_eabi.lib : int52.asm.obj (.int52)

TIMER0_A0 
*          0    0000ffea    00000002     
                  0000ffea    00000002     timing.obj (.int53)

ADC12      0    0000ffec    00000002     
                  0000ffec    00000002     hal_adc.obj (.int54)

USCI_B0    0    0000ffee    00000002     
                  0000ffee    00000002     hal_spi.obj (.int55)

USCI_A0    0    0000fff0    00000002     
                  0000fff0    00000002     hal_uart.obj (.int56)

WDT        0    0000fff2    00000002     
                  0000fff2    00000002     rts430x_lc_rd_eabi.lib : int57.asm.obj (.int57)

TIMER0_B1 
*          0    0000fff4    00000002     
                  0000fff4    00000002     rts430x_lc_rd_eabi.lib : int58.asm.obj (.int58)

TIMER0_B0 
*          0    0000fff6    00000002     
                  0000fff6    00000002     rts430x_lc_rd_eabi.lib : int59.asm.obj (.int59)

COMP_B     0    0000fff8    00000002     
                  0000fff8    00000002     rts430x_lc_rd_eabi.lib : int60.asm.obj (.int60)

UNMI       0    0000fffa    00000002     
                  0000fffa    00000002     rts430x_lc_rd_eabi.lib : int61.asm.obj (.int61)

SYSNMI     0    0000fffc    00000002     
                  0000fffc    00000002     rts430x_lc_rd_eabi.lib : int62.asm.obj (.int62)

.reset     0    0000fffe    00000002     
                  0000fffe    00000002     rts430x_lc_rd_eabi.lib : boot.c.obj (.reset)

.text      0    00010000    000050ee     
                  00010000    0000029e     nrf24network.obj (.text:TxToNextChild)
                  0001029e    00000278     hal_spi.obj (.text:hal_SPI_Init)
                  00010516    00000254     subsystem.obj (.text:SystemCallback)
                  0001076a    00000200     hal_uart.obj (.text:hal_UART_Init)
                  0001096a    000001fc     nrf24network.obj (.text:nrf24_NetworkInitN)
                  00010b66    000001f8     nrf24network.obj (.text:ProcessReceivedMsg)
                  00010d5e    000001d4     buffer_printf.obj (.text:Buffer_vprintf)
                  00010f32    000001b4     spi.obj (.text:CheckTransactions)
                  000110e6    000001a0     uart.obj (.text:UART_Tick)
                  00011286    0000019e     nrf24.obj (.text:nRF24_EventHandler)
                  00011424    0000016e     nrf24network.obj (.text:nrf24_SendMsgN)
                  00011592    0000016c     nrf24network.obj (.text:AddDataForPipe)
                  000116fe    00000162     nrf24network.obj (.text:ProcessPayloadCallbackN)
                  00011860    00000134     subsystem.obj (.text:ProcessMsg)
                  00011994    00000118     list.obj (.text:Link)
                  00011aac    0000010a     main.obj (.text:main)
                  00011bb6    00000106     nrf24network.obj (.text:NetworkTick)
                  00011cbc    00000102     uart.obj (.text:UART_Init)
                  00011dbe    000000fc     nrf24network.obj (.text:UART_Receiver)
                  00011eba    000000f8     spi.obj (.text:SPI_Tx_Handler)
                  00011fb2    000000f8     list.obj (.text:Unlink)
                  000120aa    000000f6     thief.obj (.text:TerminalCallback)
                  000121a0    000000f2     spi.obj (.text:SPI_Rx_Handler)
                  00012292    000000f0     spi.obj (.text:SPI_Transact)
                  00012382    000000e8     nrf24network.obj (.text:ProcessMessage)
                  0001246a    000000d0     thief.obj (.text:ThiefMessageHandler)
                  0001253a    000000c6     nrf24.obj (.text:nRF24_Init)
                  00012600    000000be     list.obj (.text:List_LinkItem)
                  000126be    000000be     nrf24network.obj (.text:SubsysCallback)
                  0001277c    000000ba     buffer.obj (.text:Buffer_EnqueueData)
                  00012836    000000b8     task.obj (.text:SystemTick)
                  000128ee    000000b8     rts430x_lc_rd_eabi.lib : fs_mpy.asm.obj (.text)
                  000129a6    000000b4     buffer_printf.obj (.text:Buffer_HexN)
                  00012a5a    000000ac     nrf24network.obj (.text:ConfigureNetwork)
                  00012b06    000000a8     list.obj (.text:List_Link)
                  00012bae    000000a6     spi.obj (.text:FinishTransaction)
                  00012c54    000000a4     nrf24network.obj (.text:CheckAckMessage)
                  00012cf8    0000009e     list.obj (.text:FindUnusedLink)
                  00012d96    0000009c     buffer_printf.obj (.text:Buffer_Float)
                  00012e32    00000094     nrf24network.obj (.text:AckPayloadSentCallbackN)
                  00012ec6    00000090     buffer.obj (.text:Buffer_Enqueue)
                  00012f56    0000008e     nrf24network.obj (.text:QueueMsgToParent)
                  00012fe4    0000008c     list.obj (.text:List_Init)
                  00013070    0000008c     rts430x_lc_rd_eabi.lib : cvtdf.c.obj (.text:__mspabi_cvtdf)
                  000130fc    00000088     nrf24network.obj (.text:GetMsgForChild)
                  00013184    00000080     subsystem.obj (.text:Receiver)
                  00013204    0000007e     rts430x_lc_rd_eabi.lib : fs_tol.asm.obj (.text)
                  00013282    0000007c     subsystem.obj (.text:Subsystem_Init)
                  000132fe    0000007c     nrf24.obj (.text:nRF24_OpenRxPipe)
                  0001337a    0000007a     adc.obj (.text:ADC_AddChannel)
                  000133f4    00000078     main.obj (.text:SetClk24MHz)
                  0001346c    00000078     nrf24.obj (.text:nRF24_StartListening)
                  000134e4    00000076     nrf24network.obj (.text:ControlHandler)
                  0001355a    00000076     nrf24network.obj (.text:SensorHandler)
                  000135d0    00000076     rts430x_lc_rd_eabi.lib : copy_decompress_lzss.c.obj (.text:decompress:lzss:__TI_decompress_lzss)
                  00013646    00000074     nrf24network.obj (.text:TxEmptyPacket)
                  000136ba    00000070     nrf24network.obj (.text:SystemHandler)
                  0001372a    00000070     task.obj (.text:Task_Init)
                  0001379a    0000006e     hal_adc.obj (.text:hal_ADC_StartChannel)
                  00013808    0000006c     thief.obj (.text:Thief_Init)
                  00013874    0000006a     nrf24.obj (.text:nRF24_WriteAck)
                  000138de    00000068     rts430x_lc_rd_eabi.lib : fs_toi.asm.obj (.text)
                  00013946    00000066     nrf24.obj (.text:nRF24_WriteMultReg)
                  000139ac    00000064     list.obj (.text:FindLinkByItem)
                  00013a10    00000062     buffer_printf.obj (.text:Buffer_uint32)
                  00013a72    0000005c     adc.obj (.text:QueueMeasurement)
                  00013ace    0000005a     subsystem.obj (.text:Subsystem_Write)
                  00013b28    00000058     rts430x_lc_rd_eabi.lib : div32u.asm.obj (.text)
                  00013b80    00000056     uart.obj (.text:UART_Tx_Start)
                  00013bd6    00000054     adc.obj (.text:ADC_ProcessMeasurementFromISR)
                  00013c2a    00000054     list.obj (.text:List_AddIndirect)
                  00013c7e    00000054     rts430x_lc_rd_eabi.lib : autoinit.c.obj (.text:__TI_auto_init_nobinit_nopinit_hold_wdt:__TI_auto_init_nobinit_nopinit_hold_wdt)
                  00013cd2    00000052     buffer_printf.obj (.text:Buffer_uint16)
                  00013d24    00000052     nrf24network.obj (.text:nrf24_RegisterMsgHandlerN)
                  00013d76    00000050     spi.obj (.text:SPI_Init)
                  00013dc6    0000004e     main.obj (.text:SetVcoreUp)
                  00013e14    0000004e     uart.obj (.text:UART_Tx_Handler)
                  00013e62    0000004e     nrf24.obj (.text:nRF24_Write)
                  00013eb0    0000004c     subsystem.obj (.text:Subsystem_SystemInit)
                  00013efc    0000004c     thief.obj (.text:Thief_Access)
                  00013f48    0000004c     nrf24.obj (.text:nRF24_GetPayloadLength)
                  00013f94    0000004a     task.obj (.text:Task_Schedule)
                  00013fde    0000004a     thief.obj (.text:Thief_Trip)
                  00014028    0000004a     nrf24.obj (.text:nRF24_ReadReg)
                  00014072    0000004a     nrf24.obj (.text:nRF24_WriteReg)
                  000140bc    00000048     nrf24.obj (.text:nRF24_FlushRx)
                  00014104    00000048     nrf24.obj (.text:nRF24_FlushTx)
                  0001414c    00000048     nrf24.obj (.text:nRF24_OpenTxPipe)
                  00014194    00000046     nrf24network.obj (.text:nrf24_Ping)
                  000141da    00000044     subsystem.obj (.text:Log_Header)
                  0001421e    00000044     task.obj (.text:RollTimer)
                  00014262    00000044     uart.obj (.text:UART_RegisterReceiver)
                  000142a6    00000040     hal_spi.obj (.text:hal_SPI_OverrunError)
                  000142e6    00000040     hal_spi.obj (.text:hal_SPI_TxIntStatus)
                  00014326    00000040     rts430x_lc_rd_eabi.lib : div32s.asm.obj (.text)
                  00014366    0000003e     buffer.obj (.text:Buffer_Dequeue)
                  000143a4    0000003e     timing.obj (.text:TimeSince)
                  000143e2    0000003e     uart.obj (.text:UART_Rx_Handler)
                  00014420    0000003e     uart.obj (.text:UART_Write)
                  0001445e    0000003e     rts430x_lc_rd_eabi.lib : lsl32.asm.obj (.text:l_lsl_const)
                  0001449c    0000003e                            : lsr32.asm.obj (.text:l_lsr_const)
                  000144da    0000003a     nrf24network.obj (.text:AddressFromName)
                  00014514    00000038     timing.obj (.text:TimeSinceUs)
                  0001454c    00000038     hal_spi.obj (.text:hal_SPI_DataAvailable)
                  00014584    00000038     hal_spi.obj (.text:hal_SPI_RxIntStatus)
                  000145bc    00000038     hal_spi.obj (.text:hal_SPI_SpaceAvailable)
                  000145f4    00000036     nrf24network.obj (.text:TxAckCallbackN)
                  0001462a    00000034     subsystem.obj (.text:ArgToU8)
                  0001465e    00000034     list.obj (.text:GetUnusedLink)
                  00014692    00000032     task.obj (.text:Task_Queue)
                  000146c4    00000032     main.obj (.text:Trip)
                  000146f6    00000032     uart.obj (.text:UART_printf)
                  00014728    00000032     nrf24.obj (.text:nRF24_SetDataRate)
                  0001475a    00000030     spi.obj (.text:HandleCallback)
                  0001478a    00000030     timing.obj (.text:TimeNowUs)
                  000147ba    00000030     hal_spi.obj (.text:hal_SPI_RxByte)
                  000147ea    0000002e     uart.obj (.text:UART_vprintf)
                  00014818    0000002e     nrf24.obj (.text:nRF24_SetPowerAmplificationLevel)
                  00014846    0000002e     strcasecmp.obj (.text:strcasecmp)
                  00014874    0000002e     rts430x_lc_rd_eabi.lib : strncmp.c.obj (.text:strncmp)
                  000148a2    0000002c     subsystem.obj (.text:Subsystem_GetName)
                  000148ce    0000002c     nrf24.obj (.text:nRF24_SetActive)
                  000148fa    0000002a     buffer.obj (.text:Buffer_Init)
                  00014924    0000002a     buffer_printf.obj (.text:Buffer_int32)
                  0001494e    0000002a     uart.obj (.text:UART_WriteByte)
                  00014978    0000002a     hal_spi.obj (.text:hal_SPI_ClearRxIF)
                  000149a2    0000002a     hal_spi.obj (.text:hal_SPI_ClearTxIF)
                  000149cc    0000002a     hal_spi.obj (.text:hal_SPI_Disable)
                  000149f6    0000002a     hal_spi.obj (.text:hal_SPI_DisableTxInterrupt)
                  00014a20    0000002a     hal_spi.obj (.text:hal_SPI_Enable)
                  00014a4a    0000002a     hal_spi.obj (.text:hal_SPI_EnableRxInterrupt)
                  00014a74    0000002a     hal_spi.obj (.text:hal_SPI_EnableTxInterrupt)
                  00014a9e    0000002a     hal_spi.obj (.text:hal_SPI_TxByte)
                  00014ac8    0000002a     nrf24.obj (.text:nRF24_SetCRCMode)
                  00014af2    00000028     adc.obj (.text:CallCallback)
                  00014b1a    00000028     timing.obj (.text:DelayMs)
                  00014b42    00000028     main.obj (.text:RF2_PollIRQ)
                  00014b6a    00000026     nrf24network.obj (.text:ChatHandler)
                  00014b90    00000024     timing.obj (.text:DelayUs)
                  00014bb4    00000024     rts430x_lc_rd_eabi.lib : copy_zero_init.c.obj (.text:decompress:ZI:__TI_zero_init)
                  00014bd8    00000024     hal_uart.obj (.text:hal_UART_TxInterruptEnabled)
                  00014bfc    00000024     rts430x_lc_rd_eabi.lib : mult32_f5hw.asm.obj (.text)
                  00014c20    00000022     buffer_printf.obj (.text:Buffer_int16)
                  00014c42    00000022     main.obj (.text:RF1_PollIRQ)
                  00014c64    00000020     list.obj (.text:List_GetFirst)
                  00014c84    00000020     hal_uart.obj (.text:hal_UART_DataAvailable)
                  00014ca4    00000020     hal_uart.obj (.text:hal_UART_SpaceAvailable)
                  00014cc4    0000001e     list.obj (.text:List_Remove)
                  00014ce2    0000001e     nrf24network.obj (.text:NameFromAddress)
                  00014d00    0000001e     timing.obj (.text:Timing_Init)
                  00014d1e    0000001c     hal_uart.obj (.text:hal_UART_RxByte)
                  00014d3a    0000001a     buffer_printf.obj (.text:Buffer_Str)
                  00014d54    0000001a     task.obj (.text:SortTask)
                  00014d6e    0000001a     nrf24network.obj (.text:nrf24_SendMsg)
                  00014d88    00000018     list.obj (.text:List_GetNext)
                  00014da0    00000018     timing.obj (.text:hal_Timing_Init)
                  00014db8    00000018     nrf24.obj (.text:nRF24_Standby)
                  00014dd0    00000018     nrf24network.obj (.text:nrf24_NetworkInit)
                  00014de8    00000018     rts430x_lc_rd_eabi.lib : mult16_f5hw.asm.obj (.text)
                  00014e00    00000016     adc.obj (.text:ADC_Init)
                  00014e16    00000016     subsystem.obj (.text:LogStr)
                  00014e2c    00000016     nrf24network.obj (.text:MaxRetriesCallbackN)
                  00014e42    00000016     main.obj (.text:RF1_CSN)
                  00014e58    00000016     main.obj (.text:RF2_CSN)
                  00014e6e    00000016     hal_adc.obj (.text:hal_ADC_Init)
                  00014e84    00000016     hal_uart.obj (.text:hal_UART_ClearRxIF)
                  00014e9a    00000016     hal_uart.obj (.text:hal_UART_Disable)
                  00014eb0    00000016     hal_uart.obj (.text:hal_UART_DisableTxInterrupt)
                  00014ec6    00000016     hal_uart.obj (.text:hal_UART_Enable)
                  00014edc    00000016     hal_uart.obj (.text:hal_UART_EnableRxInterrupt)
                  00014ef2    00000016     hal_uart.obj (.text:hal_UART_EnableTxInterrupt)
                  00014f08    00000016     hal_uart.obj (.text:hal_UART_TxByte)
                  00014f1e    00000016     rts430x_lc_rd_eabi.lib : div16u.asm.obj (.text)
                  00014f34    00000014     main.obj (.text:RF1_CE)
                  00014f48    00000014     timing.obj (.text:Timing_Roll)
                  00014f5c    00000014     rts430x_lc_rd_eabi.lib : memcpy.c.obj (.text:memcpy)
                  00014f70    00000012     spi.obj (.text:SPI_ISR)
                  00014f82    00000012     rts430x_lc_rd_eabi.lib : copy_decompress_none.c.obj (.text:decompress:none:__TI_decompress_none)
                  00014f94    00000012     nrf24.obj (.text:nRF24_SetRetries)
                  00014fa6    00000010     nrf24.obj (.text:nRF24_SetChannel)
                  00014fb6    0000000e     task.obj (.text:IdentifyTask)
                  00014fc4    0000000e     list.obj (.text:List_RemoveFirst)
                  00014fd2    0000000e     nrf24network.obj (.text:ProcessPayloadCallback2)
                  00014fe0    0000000e     nrf24network.obj (.text:ProcessPayloadCallback)
                  00014fee    0000000e     main.obj (.text:SetHBridge)
                  00014ffc    0000000e     nrf24network.obj (.text:TxAckPayloadCallback2)
                  0001500a    0000000e     nrf24network.obj (.text:TxAckPayloadCallback)
                  00015018    0000000e     nrf24network.obj (.text:nrf24_NetworkISRHandler)
                  00015026    0000000e     nrf24network.obj (.text:nrf24_RegisterMsgHandler)
                  00015034    0000000e     rts430x_lc_rd_eabi.lib : strlen.c.obj (.text:strlen)
                  00015042    0000000c     list.obj (.text:List_UnlinkFirst)
                  0001504e    0000000c     main.obj (.text:printADCValue)
                  0001505a    0000000a     nrf24network.obj (.text:AckPayloadSentCallback2)
                  00015064    0000000a     nrf24network.obj (.text:AckPayloadSentCallback)
                  0001506e    0000000a     nrf24network.obj (.text:FreeMsg)
                  00015078    0000000a     nrf24network.obj (.text:MaxRetriesCallback2)
                  00015082    0000000a     nrf24network.obj (.text:MaxRetriesCallback)
                  0001508c    0000000a     timing.obj (.text:TimeNow)
                  00015096    0000000a     nrf24network.obj (.text:TxAckCallback2)
                  000150a0    0000000a     nrf24network.obj (.text:TxAckCallback)
                  000150aa    0000000a     rts430x_lc_rd_eabi.lib : lsl16.asm.obj (.text)
                  000150b4    00000006     main.obj (.text:Arm)
                  000150ba    00000006     main.obj (.text:Difficulty)
                  000150c0    00000006     main.obj (.text:Disarm)
                  000150c6    00000006     main.obj (.text:LEDoff)
                  000150cc    00000006     list.obj (.text:List_SetIdentifyFunction)
                  000150d2    00000006     list.obj (.text:List_SetSortFunction)
                  000150d8    00000006     nrf24network.obj (.text:QueueMsgToChild)
                  000150de    00000006     rts430x_lc_rd_eabi.lib : exit.c.obj (.text:abort)
                  000150e4    00000004     buffer.obj (.text:Buffer_GetSize)
                  000150e8    00000004     rts430x_lc_rd_eabi.lib : pre_init.c.obj (.text:_system_pre_init)
                  000150ec    00000002                            : startup.c.obj (.text:_system_post_cinit)

MODULE SUMMARY

       Module                       code    ro data   rw data
       ------                       ----    -------   -------
    .\
       nrf24network.obj             5492    654       1016   
       uart.obj                     1168    0         887    
       spi.obj                      1478    106       412    
       task.obj                     528     0         1453   
       subsystem.obj                1508    196       236    
       nrf24.obj                    1822    0         0      
       list.obj                     1544    0         2      
       hal_spi.obj                  1324    2         0      
       buffer_printf.obj            1086    0         0      
       thief.obj                    712     290       15     
       hal_uart.obj                 842     4         0      
       main.obj                     702     40        6      
       thief_brainframe.obj         0       0         710    
       adc.obj                      360     0         140    
       buffer.obj                   438     0         0      
       timing.obj                   340     2         9      
       strcasecmp.obj               46      256       0      
       hal_adc.obj                  154     2         0      
    +--+----------------------------+-------+---------+---------+
       Total:                       19544   1552      4886   
                                                             
    C:\ti\ccsv8\tools\compiler\ti-cgt-msp430_18.1.5.LTS\lib\rts430x_lc_rd_eabi.lib
       fs_mpy.asm.obj               184     0         0      
       cvtdf.c.obj                  140     0         0      
       fs_tol.asm.obj               126     0         0      
       copy_decompress_lzss.c.obj   118     0         0      
       fs_toi.asm.obj               104     0         0      
       div32u.asm.obj               88      0         0      
       autoinit.c.obj               84      0         0      
       div32s.asm.obj               64      0         0      
       lsl32.asm.obj                62      0         0      
       lsr32.asm.obj                62      0         0      
       strncmp.c.obj                46      0         0      
       copy_zero_init.c.obj         36      0         0      
       mult32_f5hw.asm.obj          36      0         0      
       boot.c.obj                   28      2         0      
       mult16_f5hw.asm.obj          24      0         0      
       div16u.asm.obj               22      0         0      
       memcpy.c.obj                 20      0         0      
       copy_decompress_none.c.obj   18      0         0      
       strlen.c.obj                 14      0         0      
       lsl16.asm.obj                10      0         0      
       isr_trap.asm.obj             8       0         0      
       exit.c.obj                   6       0         0      
       pre_init.c.obj               4       0         0      
       int41.asm.obj                0       2         0      
       int42.asm.obj                0       2         0      
       int43.asm.obj                0       2         0      
       int44.asm.obj                0       2         0      
       int45.asm.obj                0       2         0      
       int47.asm.obj                0       2         0      
       int48.asm.obj                0       2         0      
       int49.asm.obj                0       2         0      
       int50.asm.obj                0       2         0      
       int51.asm.obj                0       2         0      
       int52.asm.obj                0       2         0      
       int57.asm.obj                0       2         0      
       int58.asm.obj                0       2         0      
       int59.asm.obj                0       2         0      
       int60.asm.obj                0       2         0      
       int61.asm.obj                0       2         0      
       int62.asm.obj                0       2         0      
       startup.c.obj                2       0         0      
    +--+----------------------------+-------+---------+---------+
       Total:                       1306    36        0      
                                                             
       Stack:                       0       0         160    
       Linker Generated:            0       201       0      
    +--+----------------------------+-------+---------+---------+
       Grand Total:                 20850   1789      5046   


LINKER GENERATED COPY TABLES

__TI_cinit_table @ 00004b44 records: 2, size/record: 8, table size: 16
	.data: load addr=00004a8a, load size=000000a7 bytes, run addr=000035ea, run size=0000012d bytes, compression=lzss
	.bss: load addr=00004b3e, load size=00000006 bytes, run addr=00002400, run size=000011e9 bytes, compression=zero_init


LINKER GENERATED HANDLER TABLE

__TI_handler_table @ 00004b32 records: 3, size/record: 4, table size: 12
	index: 0, handler: __TI_zero_init
	index: 1, handler: __TI_decompress_lzss
	index: 2, handler: __TI_decompress_none


GLOBAL SYMBOLS: SORTED ALPHABETICALLY BY Name 

address   name                                   
-------   ----                                   
00000700  ADC12CTL0                              
00000701  ADC12CTL0_H                            
00000700  ADC12CTL0_L                            
00000702  ADC12CTL1                              
00000703  ADC12CTL1_H                            
00000702  ADC12CTL1_L                            
00000704  ADC12CTL2                              
00000705  ADC12CTL2_H                            
00000704  ADC12CTL2_L                            
0000070c  ADC12IE                                
0000070d  ADC12IE_H                              
0000070c  ADC12IE_L                              
0000070a  ADC12IFG                               
0000070b  ADC12IFG_H                             
0000070a  ADC12IFG_L                             
0000070e  ADC12IV                                
0000070f  ADC12IV_H                              
0000070e  ADC12IV_L                              
00000710  ADC12MCTL0                             
00000711  ADC12MCTL1                             
0000071a  ADC12MCTL10                            
0000071b  ADC12MCTL11                            
0000071c  ADC12MCTL12                            
0000071d  ADC12MCTL13                            
0000071e  ADC12MCTL14                            
0000071f  ADC12MCTL15                            
00000712  ADC12MCTL2                             
00000713  ADC12MCTL3                             
00000714  ADC12MCTL4                             
00000715  ADC12MCTL5                             
00000716  ADC12MCTL6                             
00000717  ADC12MCTL7                             
00000718  ADC12MCTL8                             
00000719  ADC12MCTL9                             
00000720  ADC12MEM0                              
00000721  ADC12MEM0_H                            
00000720  ADC12MEM0_L                            
00000722  ADC12MEM1                              
00000734  ADC12MEM10                             
00000735  ADC12MEM10_H                           
00000734  ADC12MEM10_L                           
00000736  ADC12MEM11                             
00000737  ADC12MEM11_H                           
00000736  ADC12MEM11_L                           
00000738  ADC12MEM12                             
00000739  ADC12MEM12_H                           
00000738  ADC12MEM12_L                           
0000073a  ADC12MEM13                             
0000073b  ADC12MEM13_H                           
0000073a  ADC12MEM13_L                           
0000073c  ADC12MEM14                             
0000073d  ADC12MEM14_H                           
0000073c  ADC12MEM14_L                           
0000073e  ADC12MEM15                             
0000073f  ADC12MEM15_H                           
0000073e  ADC12MEM15_L                           
00000723  ADC12MEM1_H                            
00000722  ADC12MEM1_L                            
00000724  ADC12MEM2                              
00000725  ADC12MEM2_H                            
00000724  ADC12MEM2_L                            
00000726  ADC12MEM3                              
00000727  ADC12MEM3_H                            
00000726  ADC12MEM3_L                            
00000728  ADC12MEM4                              
00000729  ADC12MEM4_H                            
00000728  ADC12MEM4_L                            
0000072a  ADC12MEM5                              
0000072b  ADC12MEM5_H                            
0000072a  ADC12MEM5_L                            
0000072c  ADC12MEM6                              
0000072d  ADC12MEM6_H                            
0000072c  ADC12MEM6_L                            
0000072e  ADC12MEM7                              
0000072f  ADC12MEM7_H                            
0000072e  ADC12MEM7_L                            
00000730  ADC12MEM8                              
00000731  ADC12MEM8_H                            
00000730  ADC12MEM8_L                            
00000732  ADC12MEM9                              
00000733  ADC12MEM9_H                            
00000732  ADC12MEM9_L                            
0000444c  ADC12_ISR                              
0001337a  ADC_AddChannel                         
00014e00  ADC_Init                               
00013bd6  ADC_ProcessMeasurementFromISR          
000144da  AddressFromName                        
0001462a  ArgToU8                                
000150b4  Arm                                    
00002720  Brainframe_Net                         
00014366  Buffer_Dequeue                         
00012ec6  Buffer_Enqueue                         
0001277c  Buffer_EnqueueData                     
00012d96  Buffer_Float                           
000150e4  Buffer_GetSize                         
000129a6  Buffer_HexN                            
000148fa  Buffer_Init                            
00014d3a  Buffer_Str                             
00014c20  Buffer_int16                           
00014924  Buffer_int32                           
00013cd2  Buffer_uint16                          
00013a10  Buffer_uint32                          
00010d5e  Buffer_vprintf                         
000150de  C$$EXIT                                
000008c0  CBCTL0                                 
000008c1  CBCTL0_H                               
000008c0  CBCTL0_L                               
000008c2  CBCTL1                                 
000008c3  CBCTL1_H                               
000008c2  CBCTL1_L                               
000008c4  CBCTL2                                 
000008c5  CBCTL2_H                               
000008c4  CBCTL2_L                               
000008c6  CBCTL3                                 
000008c7  CBCTL3_H                               
000008c6  CBCTL3_L                               
000008cc  CBINT                                  
000008cd  CBINT_H                                
000008cc  CBINT_L                                
000008ce  CBIV                                   
00000150  CRCDI                                  
00000152  CRCDIRB                                
00000153  CRCDIRB_H                              
00000152  CRCDIRB_L                              
00000151  CRCDI_H                                
00000150  CRCDI_L                                
00000154  CRCINIRES                              
00000155  CRCINIRES_H                            
00000154  CRCINIRES_L                            
00000156  CRCRESR                                
00000157  CRCRESR_H                              
00000156  CRCRESR_L                              
00000510  DMA0CTL                                
00000516  DMA0DA                                 
00000518  DMA0DAH                                
00000516  DMA0DAL                                
00000512  DMA0SA                                 
00000514  DMA0SAH                                
00000512  DMA0SAL                                
0000051a  DMA0SZ                                 
00000520  DMA1CTL                                
00000526  DMA1DA                                 
00000528  DMA1DAH                                
00000526  DMA1DAL                                
00000522  DMA1SA                                 
00000524  DMA1SAH                                
00000522  DMA1SAL                                
0000052a  DMA1SZ                                 
00000530  DMA2CTL                                
00000536  DMA2DA                                 
00000538  DMA2DAH                                
00000536  DMA2DAL                                
00000532  DMA2SA                                 
00000534  DMA2SAH                                
00000532  DMA2SAL                                
0000053a  DMA2SZ                                 
00000500  DMACTL0                                
00000502  DMACTL1                                
00000504  DMACTL2                                
00000506  DMACTL3                                
00000508  DMACTL4                                
0000050e  DMAIV                                  
00014b1a  DelayMs                                
00014b90  DelayUs                                
000150ba  Difficulty                             
000150c0  Disarm                                 
00000140  FCTL1                                  
00000141  FCTL1_H                                
00000140  FCTL1_L                                
00000144  FCTL3                                  
00000145  FCTL3_H                                
00000144  FCTL3_L                                
00000146  FCTL4                                  
00000147  FCTL4_H                                
00000146  FCTL4_L                                
000150c6  LEDoff                                 
00013c2a  List_AddIndirect                       
00014c64  List_GetFirst                          
00014d88  List_GetNext                           
00012fe4  List_Init                              
00012b06  List_Link                              
00012600  List_LinkItem                          
00014cc4  List_Remove                            
00014fc4  List_RemoveFirst                       
000150cc  List_SetIdentifyFunction               
000150d2  List_SetSortFunction                   
00015042  List_UnlinkFirst                       
00014e16  LogStr                                 
000141da  Log_Header                             
000004c4  MAC                                    
000004da  MAC32H                                 
000004db  MAC32H_H                               
000004da  MAC32H_L                               
000004d8  MAC32L                                 
000004d9  MAC32L_H                               
000004d8  MAC32L_L                               
000004c6  MACS                                   
000004de  MACS32H                                
000004df  MACS32H_H                              
000004de  MACS32H_L                              
000004dc  MACS32L                                
000004dd  MACS32L_H                              
000004dc  MACS32L_L                              
000004c7  MACS_H                                 
000004c6  MACS_L                                 
000004c5  MAC_H                                  
000004c4  MAC_L                                  
000004c0  MPY                                    
000004ec  MPY32CTL0                              
000004ed  MPY32CTL0_H                            
000004ec  MPY32CTL0_L                            
000004d2  MPY32H                                 
000004d3  MPY32H_H                               
000004d2  MPY32H_L                               
000004d0  MPY32L                                 
000004d1  MPY32L_H                               
000004d0  MPY32L_L                               
000004c2  MPYS                                   
000004d6  MPYS32H                                
000004d7  MPYS32H_H                              
000004d6  MPYS32H_L                              
000004d4  MPYS32L                                
000004d5  MPYS32L_H                              
000004d4  MPYS32L_L                              
000004c3  MPYS_H                                 
000004c2  MPYS_L                                 
000004c1  MPY_H                                  
000004c0  MPY_L                                  
00014ce2  NameFromAddress                        
000004c8  OP2                                    
000004e2  OP2H                                   
000004e3  OP2H_H                                 
000004e2  OP2H_L                                 
000004e0  OP2L                                   
000004e1  OP2L_H                                 
000004e0  OP2L_L                                 
000004c9  OP2_H                                  
000004c8  OP2_L                                  
0000020e  P1IV                                   
0000021e  P2IV                                   
000001e0  P4MAP01                                
000001e1  P4MAP01_H                              
000001e0  P4MAP01_L                              
000001e2  P4MAP23                                
000001e3  P4MAP23_H                              
000001e2  P4MAP23_L                              
000001e4  P4MAP45                                
000001e5  P4MAP45_H                              
000001e4  P4MAP45_L                              
000001e6  P4MAP67                                
000001e7  P4MAP67_H                              
000001e6  P4MAP67_L                              
00000204  PADIR                                  
00000205  PADIR_H                                
00000204  PADIR_L                                
00000208  PADS                                   
00000209  PADS_H                                 
00000208  PADS_L                                 
0000021a  PAIE                                   
00000218  PAIES                                  
00000219  PAIES_H                                
00000218  PAIES_L                                
0000021b  PAIE_H                                 
0000021a  PAIE_L                                 
0000021c  PAIFG                                  
0000021d  PAIFG_H                                
0000021c  PAIFG_L                                
00000200  PAIN                                   
00000201  PAIN_H                                 
00000200  PAIN_L                                 
00000202  PAOUT                                  
00000203  PAOUT_H                                
00000202  PAOUT_L                                
00000206  PAREN                                  
00000207  PAREN_H                                
00000206  PAREN_L                                
0000020a  PASEL                                  
0000020b  PASEL_H                                
0000020a  PASEL_L                                
00000224  PBDIR                                  
00000225  PBDIR_H                                
00000224  PBDIR_L                                
00000228  PBDS                                   
00000229  PBDS_H                                 
00000228  PBDS_L                                 
00000220  PBIN                                   
00000221  PBIN_H                                 
00000220  PBIN_L                                 
00000222  PBOUT                                  
00000223  PBOUT_H                                
00000222  PBOUT_L                                
00000226  PBREN                                  
00000227  PBREN_H                                
00000226  PBREN_L                                
0000022a  PBSEL                                  
0000022b  PBSEL_H                                
0000022a  PBSEL_L                                
00000244  PCDIR                                  
00000245  PCDIR_H                                
00000244  PCDIR_L                                
00000248  PCDS                                   
00000249  PCDS_H                                 
00000248  PCDS_L                                 
00000240  PCIN                                   
00000241  PCIN_H                                 
00000240  PCIN_L                                 
00000242  PCOUT                                  
00000243  PCOUT_H                                
00000242  PCOUT_L                                
00000246  PCREN                                  
00000247  PCREN_H                                
00000246  PCREN_L                                
0000024a  PCSEL                                  
0000024b  PCSEL_H                                
0000024a  PCSEL_L                                
00000264  PDDIR                                  
00000265  PDDIR_H                                
00000264  PDDIR_L                                
00000268  PDDS                                   
00000269  PDDS_H                                 
00000268  PDDS_L                                 
00000260  PDIN                                   
00000261  PDIN_H                                 
00000260  PDIN_L                                 
00000262  PDOUT                                  
00000263  PDOUT_H                                
00000262  PDOUT_L                                
00000266  PDREN                                  
00000267  PDREN_H                                
00000266  PDREN_L                                
0000026a  PDSEL                                  
0000026b  PDSEL_H                                
0000026a  PDSEL_L                                
00000324  PJDIR                                  
00000325  PJDIR_H                                
00000324  PJDIR_L                                
00000328  PJDS                                   
00000329  PJDS_H                                 
00000328  PJDS_L                                 
00000320  PJIN                                   
00000321  PJIN_H                                 
00000320  PJIN_L                                 
00000322  PJOUT                                  
00000323  PJOUT_H                                
00000322  PJOUT_L                                
00000326  PJREN                                  
00000327  PJREN_H                                
00000326  PJREN_L                                
00000130  PM5CTL0                                
00000131  PM5CTL0_H                              
00000130  PM5CTL0_L                              
000001c2  PMAPCTL                                
000001c3  PMAPCTL_H                              
000001c2  PMAPCTL_L                              
000001c0  PMAPKEYID                              
000001c1  PMAPKEYID_H                            
000001c0  PMAPKEYID_L                            
00000120  PMMCTL0                                
00000121  PMMCTL0_H                              
00000120  PMMCTL0_L                              
00000122  PMMCTL1                                
00000123  PMMCTL1_H                              
00000122  PMMCTL1_L                              
0000012c  PMMIFG                                 
0000012d  PMMIFG_H                               
0000012c  PMMIFG_L                               
0000012e  PMMRIE                                 
0000012f  PMMRIE_H                               
0000012e  PMMRIE_L                               
00000158  RCCTL0                                 
00000159  RCCTL0_H                               
00000158  RCCTL0_L                               
000001b0  REFCTL0                                
000001b1  REFCTL0_H                              
000001b0  REFCTL0_L                              
000004e4  RES0                                   
000004e5  RES0_H                                 
000004e4  RES0_L                                 
000004e6  RES1                                   
000004e7  RES1_H                                 
000004e6  RES1_L                                 
000004e8  RES2                                   
000004e9  RES2_H                                 
000004e8  RES2_L                                 
000004ea  RES3                                   
000004eb  RES3_H                                 
000004ea  RES3_L                                 
000004cc  RESHI                                  
000004cd  RESHI_H                                
000004cc  RESHI_L                                
000004ca  RESLO                                  
000004cb  RESLO_H                                
000004ca  RESLO_L                                
00014f34  RF1_CE                                 
00014e42  RF1_CSN                                
00014c42  RF1_PollIRQ                            
00014e58  RF2_CSN                                
00014b42  RF2_PollIRQ                            
000004ba  RTCADOWDAY                             
000004bb  RTCADOWDAY_H                           
000004ba  RTCADOWDAY_L                           
000004b8  RTCAMINHR                              
000004b9  RTCAMINHR_H                            
000004b8  RTCAMINHR_L                            
000004a0  RTCCTL01                               
000004a1  RTCCTL01_H                             
000004a0  RTCCTL01_L                             
000004a2  RTCCTL23                               
000004a3  RTCCTL23_H                             
000004a2  RTCCTL23_L                             
000004b4  RTCDATE                                
000004b5  RTCDATE_H                              
000004b4  RTCDATE_L                              
000004ae  RTCIV                                  
000004ac  RTCPS                                  
000004a8  RTCPS0CTL                              
000004a9  RTCPS0CTL_H                            
000004a8  RTCPS0CTL_L                            
000004aa  RTCPS1CTL                              
000004ab  RTCPS1CTL_H                            
000004aa  RTCPS1CTL_L                            
000004ad  RTCPS_H                                
000004ac  RTCPS_L                                
000004b0  RTCTIM0                                
000004b1  RTCTIM0_H                              
000004b0  RTCTIM0_L                              
000004b2  RTCTIM1                                
000004b3  RTCTIM1_H                              
000004b2  RTCTIM1_L                              
000004b6  RTCYEAR                                
000004b7  RTCYEAR_H                              
000004b6  RTCYEAR_L                              
00000100  SFRIE1                                 
00000101  SFRIE1_H                               
00000100  SFRIE1_L                               
00000102  SFRIFG1                                
00000103  SFRIFG1_H                              
00000102  SFRIFG1_L                              
00000104  SFRRPCR                                
00000105  SFRRPCR_H                              
00000104  SFRRPCR_L                              
00014f70  SPI_ISR                                
00013d76  SPI_Init                               
000121a0  SPI_Rx_Handler                         
00012292  SPI_Transact                           
00011eba  SPI_Tx_Handler                         
000004ce  SUMEXT                                 
000004cf  SUMEXT_H                               
000004ce  SUMEXT_L                               
00000124  SVSMHCTL                               
00000125  SVSMHCTL_H                             
00000124  SVSMHCTL_L                             
00000128  SVSMIO                                 
00000129  SVSMIO_H                               
00000128  SVSMIO_L                               
00000126  SVSMLCTL                               
00000127  SVSMLCTL_H                             
00000126  SVSMLCTL_L                             
00000198  SYSBERRIV                              
00000199  SYSBERRIV_H                            
00000198  SYSBERRIV_L                            
00000182  SYSBSLC                                
00000183  SYSBSLC_H                              
00000182  SYSBSLC_L                              
00000180  SYSCTL                                 
00000181  SYSCTL_H                               
00000180  SYSCTL_L                               
00000186  SYSJMBC                                
00000187  SYSJMBC_H                              
00000186  SYSJMBC_L                              
00000188  SYSJMBI0                               
00000189  SYSJMBI0_H                             
00000188  SYSJMBI0_L                             
0000018a  SYSJMBI1                               
0000018b  SYSJMBI1_H                             
0000018a  SYSJMBI1_L                             
0000018c  SYSJMBO0                               
0000018d  SYSJMBO0_H                             
0000018c  SYSJMBO0_L                             
0000018e  SYSJMBO1                               
0000018f  SYSJMBO1_H                             
0000018e  SYSJMBO1_L                             
0000019e  SYSRSTIV                               
0000019f  SYSRSTIV_H                             
0000019e  SYSRSTIV_L                             
0000019c  SYSSNIV                                
0000019d  SYSSNIV_H                              
0000019c  SYSSNIV_L                              
0000019a  SYSUNIV                                
0000019b  SYSUNIV_H                              
0000019a  SYSUNIV_L                              
000133f4  SetClk24MHz                            
00014fee  SetHBridge                             
00013dc6  SetVcoreUp                             
000148a2  Subsystem_GetName                      
00013282  Subsystem_Init                         
00013ace  Subsystem_Write                        
00012836  SystemTick                             
00000352  TA0CCR0                                
00000354  TA0CCR1                                
00000356  TA0CCR2                                
00000358  TA0CCR3                                
0000035a  TA0CCR4                                
00000342  TA0CCTL0                               
00000344  TA0CCTL1                               
00000346  TA0CCTL2                               
00000348  TA0CCTL3                               
0000034a  TA0CCTL4                               
00000340  TA0CTL                                 
00000360  TA0EX0                                 
0000036e  TA0IV                                  
00000350  TA0R                                   
00000392  TA1CCR0                                
00000394  TA1CCR1                                
00000396  TA1CCR2                                
00000382  TA1CCTL0                               
00000384  TA1CCTL1                               
00000386  TA1CCTL2                               
00000380  TA1CTL                                 
000003a0  TA1EX0                                 
000003ae  TA1IV                                  
00000390  TA1R                                   
00000412  TA2CCR0                                
00000414  TA2CCR1                                
00000416  TA2CCR2                                
00000402  TA2CCTL0                               
00000404  TA2CCTL1                               
00000406  TA2CCTL2                               
00000400  TA2CTL                                 
00000420  TA2EX0                                 
0000042e  TA2IV                                  
00000410  TA2R                                   
000003d2  TB0CCR0                                
000003d4  TB0CCR1                                
000003d6  TB0CCR2                                
000003d8  TB0CCR3                                
000003da  TB0CCR4                                
000003dc  TB0CCR5                                
000003de  TB0CCR6                                
000003c2  TB0CCTL0                               
000003c4  TB0CCTL1                               
000003c6  TB0CCTL2                               
000003c8  TB0CCTL3                               
000003ca  TB0CCTL4                               
000003cc  TB0CCTL5                               
000003ce  TB0CCTL6                               
000003c0  TB0CTL                                 
000003e0  TB0EX0                                 
000003ee  TB0IV                                  
000003d0  TB0R                                   
00004462  TIMER0_A0_ISR                          
0001372a  Task_Init                              
00014692  Task_Queue                             
00013f94  Task_Schedule                          
00013efc  Thief_Access                           
00013808  Thief_Init                             
00013fde  Thief_Trip                             
0001508c  TimeNow                                
0001478a  TimeNowUs                              
000143a4  TimeSince                              
00014514  TimeSinceUs                            
00014d00  Timing_Init                            
00014f48  Timing_Roll                            
000146c4  Trip                                   
00011cbc  UART_Init                              
0001076a  UART_ReconfigureBaud                   
00014262  UART_RegisterReceiver                  
000143e2  UART_Rx_Handler                        
000110e6  UART_Tick                              
00013e14  UART_Tx_Handler                        
00014420  UART_Write                             
0001494e  UART_WriteByte                         
000146f6  UART_printf                            
000147ea  UART_vprintf                           
000005d0  UCA0ABCTL                              
000005c6  UCA0BRW                                
000005c7  UCA0BRW_H                              
000005c6  UCA0BRW_L                              
000005c0  UCA0CTLW0                              
000005c1  UCA0CTLW0_H                            
000005c0  UCA0CTLW0_L                            
000005dc  UCA0ICTL                               
000005dd  UCA0ICTL_H                             
000005dc  UCA0ICTL_L                             
000005d2  UCA0IRCTL                              
000005d3  UCA0IRCTL_H                            
000005d2  UCA0IRCTL_L                            
000005de  UCA0IV                                 
000005c8  UCA0MCTL                               
000005cc  UCA0RXBUF                              
000005ca  UCA0STAT                               
000005ce  UCA0TXBUF                              
00000610  UCA1ABCTL                              
00000606  UCA1BRW                                
00000607  UCA1BRW_H                              
00000606  UCA1BRW_L                              
00000600  UCA1CTLW0                              
00000601  UCA1CTLW0_H                            
00000600  UCA1CTLW0_L                            
0000061c  UCA1ICTL                               
0000061d  UCA1ICTL_H                             
0000061c  UCA1ICTL_L                             
00000612  UCA1IRCTL                              
00000613  UCA1IRCTL_H                            
00000612  UCA1IRCTL_L                            
0000061e  UCA1IV                                 
00000608  UCA1MCTL                               
0000060c  UCA1RXBUF                              
0000060a  UCA1STAT                               
0000060e  UCA1TXBUF                              
000005e6  UCB0BRW                                
000005e7  UCB0BRW_H                              
000005e6  UCB0BRW_L                              
000005e0  UCB0CTLW0                              
000005e1  UCB0CTLW0_H                            
000005e0  UCB0CTLW0_L                            
000005f0  UCB0I2COA                              
000005f1  UCB0I2COA_H                            
000005f0  UCB0I2COA_L                            
000005f2  UCB0I2CSA                              
000005f3  UCB0I2CSA_H                            
000005f2  UCB0I2CSA_L                            
000005fc  UCB0ICTL                               
000005fd  UCB0ICTL_H                             
000005fc  UCB0ICTL_L                             
000005fe  UCB0IV                                 
000005ec  UCB0RXBUF                              
000005ea  UCB0STAT                               
000005ee  UCB0TXBUF                              
00000626  UCB1BRW                                
00000627  UCB1BRW_H                              
00000626  UCB1BRW_L                              
00000620  UCB1CTLW0                              
00000621  UCB1CTLW0_H                            
00000620  UCB1CTLW0_L                            
00000630  UCB1I2COA                              
00000631  UCB1I2COA_H                            
00000630  UCB1I2COA_L                            
00000632  UCB1I2CSA                              
00000633  UCB1I2CSA_H                            
00000632  UCB1I2CSA_L                            
0000063c  UCB1ICTL                               
0000063d  UCB1ICTL_H                             
0000063c  UCB1ICTL_L                             
0000063e  UCB1IV                                 
0000062c  UCB1RXBUF                              
0000062a  UCB1STAT                               
0000062e  UCB1TXBUF                              
00000160  UCSCTL0                                
00000161  UCSCTL0_H                              
00000160  UCSCTL0_L                              
00000162  UCSCTL1                                
00000163  UCSCTL1_H                              
00000162  UCSCTL1_L                              
00000164  UCSCTL2                                
00000165  UCSCTL2_H                              
00000164  UCSCTL2_L                              
00000166  UCSCTL3                                
00000167  UCSCTL3_H                              
00000166  UCSCTL3_L                              
00000168  UCSCTL4                                
00000169  UCSCTL4_H                              
00000168  UCSCTL4_L                              
0000016a  UCSCTL5                                
0000016b  UCSCTL5_H                              
0000016a  UCSCTL5_L                              
0000016c  UCSCTL6                                
0000016d  UCSCTL6_H                              
0000016c  UCSCTL6_L                              
0000016e  UCSCTL7                                
0000016f  UCSCTL7_H                              
0000016e  UCSCTL7_L                              
00000170  UCSCTL8                                
00000171  UCSCTL8_H                              
00000170  UCSCTL8_L                              
00000902  USBCNF                                 
00000903  USBCNF_H                               
00000902  USBCNF_L                               
0000093c  USBCTL                                 
0000093a  USBFN                                  
0000093b  USBFN_H                                
0000093a  USBFN_L                                
0000093f  USBFUNADR                              
0000093d  USBIE                                  
00002378  USBIEP0BUF                             
000023c9  USBIEPBBAX_1                           
000023d1  USBIEPBBAX_2                           
000023d9  USBIEPBBAX_3                           
000023e1  USBIEPBBAX_4                           
000023e9  USBIEPBBAX_5                           
000023f1  USBIEPBBAX_6                           
000023f9  USBIEPBBAX_7                           
000023cd  USBIEPBBAY_1                           
000023d5  USBIEPBBAY_2                           
000023dd  USBIEPBBAY_3                           
000023e5  USBIEPBBAY_4                           
000023ed  USBIEPBBAY_5                           
000023f5  USBIEPBBAY_6                           
000023fd  USBIEPBBAY_7                           
000023ca  USBIEPBCTX_1                           
000023d2  USBIEPBCTX_2                           
000023da  USBIEPBCTX_3                           
000023e2  USBIEPBCTX_4                           
000023ea  USBIEPBCTX_5                           
000023f2  USBIEPBCTX_6                           
000023fa  USBIEPBCTX_7                           
000023ce  USBIEPBCTY_1                           
000023d6  USBIEPBCTY_2                           
000023de  USBIEPBCTY_3                           
000023e6  USBIEPBCTY_4                           
000023ee  USBIEPBCTY_5                           
000023f6  USBIEPBCTY_6                           
000023fe  USBIEPBCTY_7                           
00000920  USBIEPCNF_0                            
000023c8  USBIEPCNF_1                            
000023d0  USBIEPCNF_2                            
000023d8  USBIEPCNF_3                            
000023e0  USBIEPCNF_4                            
000023e8  USBIEPCNF_5                            
000023f0  USBIEPCNF_6                            
000023f8  USBIEPCNF_7                            
00000921  USBIEPCNT_0                            
0000092e  USBIEPIE                               
00000930  USBIEPIFG                              
000023cf  USBIEPSIZXY_1                          
000023d7  USBIEPSIZXY_2                          
000023df  USBIEPSIZXY_3                          
000023e7  USBIEPSIZXY_4                          
000023ef  USBIEPSIZXY_5                          
000023f7  USBIEPSIZXY_6                          
000023ff  USBIEPSIZXY_7                          
0000093e  USBIFG                                 
00000900  USBKEYID                               
00000901  USBKEYID_H                             
00000900  USBKEYID_L                             
00000936  USBMAINT                               
00000937  USBMAINT_H                             
00000936  USBMAINT_L                             
00002370  USBOEP0BUF                             
00002389  USBOEPBBAX_1                           
00002391  USBOEPBBAX_2                           
00002399  USBOEPBBAX_3                           
000023a1  USBOEPBBAX_4                           
000023a9  USBOEPBBAX_5                           
000023b1  USBOEPBBAX_6                           
000023b9  USBOEPBBAX_7                           
0000238d  USBOEPBBAY_1                           
00002395  USBOEPBBAY_2                           
0000239d  USBOEPBBAY_3                           
000023a5  USBOEPBBAY_4                           
000023ad  USBOEPBBAY_5                           
000023b5  USBOEPBBAY_6                           
000023bd  USBOEPBBAY_7                           
0000238a  USBOEPBCTX_1                           
00002392  USBOEPBCTX_2                           
0000239a  USBOEPBCTX_3                           
000023a2  USBOEPBCTX_4                           
000023aa  USBOEPBCTX_5                           
000023b2  USBOEPBCTX_6                           
000023ba  USBOEPBCTX_7                           
0000238e  USBOEPBCTY_1                           
00002396  USBOEPBCTY_2                           
0000239e  USBOEPBCTY_3                           
000023a6  USBOEPBCTY_4                           
000023ae  USBOEPBCTY_5                           
000023b6  USBOEPBCTY_6                           
000023be  USBOEPBCTY_7                           
00000922  USBOEPCNF_0                            
00002388  USBOEPCNF_1                            
00002390  USBOEPCNF_2                            
00002398  USBOEPCNF_3                            
000023a0  USBOEPCNF_4                            
000023a8  USBOEPCNF_5                            
000023b0  USBOEPCNF_6                            
000023b8  USBOEPCNF_7                            
00000923  USBOEPCNT_0                            
0000092f  USBOEPIE                               
00000931  USBOEPIFG                              
0000238f  USBOEPSIZXY_1                          
00002397  USBOEPSIZXY_2                          
0000239f  USBOEPSIZXY_3                          
000023a7  USBOEPSIZXY_4                          
000023af  USBOEPSIZXY_5                          
000023b7  USBOEPSIZXY_6                          
000023bf  USBOEPSIZXY_7                          
00000904  USBPHYCTL                              
00000905  USBPHYCTL_H                            
00000904  USBPHYCTL_L                            
00000910  USBPLLCTL                              
00000911  USBPLLCTL_H                            
00000910  USBPLLCTL_L                            
00000912  USBPLLDIVB                             
00000913  USBPLLDIVB_H                           
00000912  USBPLLDIVB_L                           
00000914  USBPLLIR                               
00000915  USBPLLIR_H                             
00000914  USBPLLIR_L                             
00000908  USBPWRCTL                              
00000909  USBPWRCTL_H                            
00000908  USBPWRCTL_L                            
00001c00  USBSTABUFF                             
00002380  USBSUBLK                               
0000236f  USBTOPBUFF                             
00000938  USBTSREG                               
00000939  USBTSREG_H                             
00000938  USBTSREG_L                             
00000932  USBVECINT                              
00000933  USBVECINT_H                            
00000932  USBVECINT_L                            
0000015c  WDTCTL                                 
0000015d  WDTCTL_H                               
0000015c  WDTCTL_L                               
00004470  _SPIB0_ISR                             
0000441c  _UART0_ISR                             
00004434  _UART1_ISR                             
00004400  __STACK_END                            
000000a0  __STACK_SIZE                           
00004b44  __TI_CINIT_Base                        
00004b54  __TI_CINIT_Limit                       
00004b32  __TI_Handler_Table_Base                
00004b3e  __TI_Handler_Table_Limit               
0000447c  __TI_ISR_TRAP                          
00013c7e  __TI_auto_init_nobinit_nopinit_hold_wdt
000135d0  __TI_decompress_lzss                   
00014f82  __TI_decompress_none                   
0000ffd2  __TI_int41                             
0000ffd4  __TI_int42                             
0000ffd6  __TI_int43                             
0000ffd8  __TI_int44                             
0000ffda  __TI_int45                             
0000ffdc  __TI_int46                             
0000ffde  __TI_int47                             
0000ffe0  __TI_int48                             
0000ffe2  __TI_int49                             
0000ffe4  __TI_int50                             
0000ffe6  __TI_int51                             
0000ffe8  __TI_int52                             
0000ffea  __TI_int53                             
0000ffec  __TI_int54                             
0000ffee  __TI_int55                             
0000fff0  __TI_int56                             
0000fff2  __TI_int57                             
0000fff4  __TI_int58                             
0000fff6  __TI_int59                             
0000fff8  __TI_int60                             
0000fffa  __TI_int61                             
0000fffc  __TI_int62                             
ffffffff  __TI_pprof_out_hndl                    
ffffffff  __TI_prof_data_size                    
ffffffff  __TI_prof_data_start                   
00014bb4  __TI_zero_init                         
ffffffff  __c_args__                             
00013070  __mspabi_cvtdf                         
00014326  __mspabi_divli                         
00014f1e  __mspabi_divu                          
00013b28  __mspabi_divul                         
000138de  __mspabi_fixfi                         
00013204  __mspabi_fixfli                        
000128ee  __mspabi_mpyf                          
00014de8  __mspabi_mpyi_f5hw                     
00014bfc  __mspabi_mpyl_f5hw                     
00014326  __mspabi_remli                         
00014f1e  __mspabi_remu                          
00013b28  __mspabi_remul                         
000150aa  __mspabi_slli                          
00014496  __mspabi_slll_1                        
[...]
00000900  USBKEYID_L                             
00000901  USBKEYID_H                             
00000902  USBCNF                                 
00000902  USBCNF_L                               
00000903  USBCNF_H                               
00000904  USBPHYCTL                              
00000904  USBPHYCTL_L                            
00000905  USBPHYCTL_H                            
00000908  USBPWRCTL                              
00000908  USBPWRCTL_L                            
00000909  USBPWRCTL_H                            
00000910  USBPLLCTL                              
00000910  USBPLLCTL_L                            
00000911  USBPLLCTL_H                            
00000912  USBPLLDIVB                             
00000912  USBPLLDIVB_L                           
00000913  USBPLLDIVB_H                           
00000914  USBPLLIR                               
00000914  USBPLLIR_L                             
00000915  USBPLLIR_H                             
00000920  USBIEPCNF_0                            
00000921  USBIEPCNT_0                            
00000922  USBOEPCNF_0                            
00000923  USBOEPCNT_0                            
0000092e  USBIEPIE                               
0000092f  USBOEPIE                               
00000930  USBIEPIFG                              
00000931  USBOEPIFG                              
00000932  USBVECINT                              
00000932  USBVECINT_L                            
00000933  USBVECINT_H                            
00000936  USBMAINT                               
00000936  USBMAINT_L                             
00000937  USBMAINT_H                             
00000938  USBTSREG                               
00000938  USBTSREG_L                             
00000939  USBTSREG_H                             
0000093a  USBFN                                  
0000093a  USBFN_L                                
0000093b  USBFN_H                                
0000093c  USBCTL                                 
0000093d  USBIE                                  
0000093e  USBIFG                                 
0000093f  USBFUNADR                              
00001c00  USBSTABUFF                             
0000236f  USBTOPBUFF                             
00002370  USBOEP0BUF                             
00002378  USBIEP0BUF                             
00002380  USBSUBLK                               
00002388  USBOEPCNF_1                            
00002389  USBOEPBBAX_1                           
0000238a  USBOEPBCTX_1                           
0000238d  USBOEPBBAY_1                           
0000238e  USBOEPBCTY_1                           
0000238f  USBOEPSIZXY_1                          
00002390  USBOEPCNF_2                            
00002391  USBOEPBBAX_2                           
00002392  USBOEPBCTX_2                           
00002395  USBOEPBBAY_2                           
00002396  USBOEPBCTY_2                           
00002397  USBOEPSIZXY_2                          
00002398  USBOEPCNF_3                            
00002399  USBOEPBBAX_3                           
0000239a  USBOEPBCTX_3                           
0000239d  USBOEPBBAY_3                           
0000239e  USBOEPBCTY_3                           
0000239f  USBOEPSIZXY_3                          
000023a0  USBOEPCNF_4                            
000023a1  USBOEPBBAX_4                           
000023a2  USBOEPBCTX_4                           
000023a5  USBOEPBBAY_4                           
000023a6  USBOEPBCTY_4                           
000023a7  USBOEPSIZXY_4                          
000023a8  USBOEPCNF_5                            
000023a9  USBOEPBBAX_5                           
000023aa  USBOEPBCTX_5                           
000023ad  USBOEPBBAY_5                           
000023ae  USBOEPBCTY_5                           
000023af  USBOEPSIZXY_5                          
000023b0  USBOEPCNF_6                            
000023b1  USBOEPBBAX_6                           
000023b2  USBOEPBCTX_6                           
000023b5  USBOEPBBAY_6                           
000023b6  USBOEPBCTY_6                           
000023b7  USBOEPSIZXY_6                          
000023b8  USBOEPCNF_7                            
000023b9  USBOEPBBAX_7                           
000023ba  USBOEPBCTX_7                           
000023bd  USBOEPBBAY_7                           
000023be  USBOEPBCTY_7                           
000023bf  USBOEPSIZXY_7                          
000023c8  USBIEPCNF_1                            
000023c9  USBIEPBBAX_1                           
000023ca  USBIEPBCTX_1                           
000023cd  USBIEPBBAY_1                           
000023ce  USBIEPBCTY_1                           
000023cf  USBIEPSIZXY_1                          
000023d0  USBIEPCNF_2                            
000023d1  USBIEPBBAX_2                           
000023d2  USBIEPBCTX_2                           
000023d5  USBIEPBBAY_2                           
000023d6  USBIEPBCTY_2                           
000023d7  USBIEPSIZXY_2                          
000023d8  USBIEPCNF_3                            
000023d9  USBIEPBBAX_3                           
000023da  USBIEPBCTX_3                           
000023dd  USBIEPBBAY_3                           
000023de  USBIEPBCTY_3                           
000023df  USBIEPSIZXY_3                          
000023e0  USBIEPCNF_4                            
000023e1  USBIEPBBAX_4                           
000023e2  USBIEPBCTX_4                           
000023e5  USBIEPBBAY_4                           
000023e6  USBIEPBCTY_4                           
000023e7  USBIEPSIZXY_4                          
000023e8  USBIEPCNF_5                            
000023e9  USBIEPBBAX_5                           
000023ea  USBIEPBCTX_5                           
000023ed  USBIEPBBAY_5                           
000023ee  USBIEPBCTY_5                           
000023ef  USBIEPSIZXY_5                          
000023f0  USBIEPCNF_6                            
000023f1  USBIEPBBAX_6                           
000023f2  USBIEPBCTX_6                           
000023f5  USBIEPBBAY_6                           
000023f6  USBIEPBCTY_6                           
000023f7  USBIEPSIZXY_6                          
000023f8  USBIEPCNF_7                            
000023f9  USBIEPBBAX_7                           
000023fa  USBIEPBCTX_7                           
000023fd  USBIEPBBAY_7                           
000023fe  USBIEPBCTY_7                           
000023ff  USBIEPSIZXY_7                          
00002400  task_list_array                        
00002720  Brainframe_Net                         
000029e6  default_net                            
00002cac  task_list_links                        
00002f04  tx_buffer_array0                       
00003104  transactionArray2                      
000031bc  spi                                    
00003270  sys                                    
00003302  tx_buffer_array1                       
00003422  linkArray2                             
00003452  task_list                              
000034aa  uart                                   
000034ce  rx_buffer_array0                       
000034ee  rx_buffer_array1                       
0000352c  rx0                                    
00003548  rx1                                    
00003564  tx0                                    
00003580  tx1                                    
000035aa  receiverList0                          
000035b2  receiverList1                          
000035ba  receiver_array0                        
000035c2  receiver_array1                        
000035d2  idle_task                              
000035d6  ping_time                              
000035da  rollover_time                          
000035de  time_ms                                
000035e7  error_flags                            
000035e8  rx_flags                               
000035ea  names                                  
00003702  second_net_ptr                         
00003708  armed                                  
00003709  difficulty                             
0000370a  impact                                 
00004360  _stack                                 
00004400  __STACK_END                            
00004400  _c_int00_noargs                        
0000441c  _UART0_ISR                             
00004434  _UART1_ISR                             
0000444c  ADC12_ISR                              
00004462  TIMER0_A0_ISR                          
00004470  _SPIB0_ISR                             
0000447c  __TI_ISR_TRAP                          
00004b32  __TI_Handler_Table_Base                
00004b3e  __TI_Handler_Table_Limit               
00004b44  __TI_CINIT_Base                        
00004b54  __TI_CINIT_Limit                       
0000ffd2  __TI_int41                             
0000ffd4  __TI_int42                             
0000ffd6  __TI_int43                             
0000ffd8  __TI_int44                             
0000ffda  __TI_int45                             
0000ffdc  __TI_int46                             
0000ffde  __TI_int47                             
0000ffe0  __TI_int48                             
0000ffe2  __TI_int49                             
0000ffe4  __TI_int50                             
0000ffe6  __TI_int51                             
0000ffe8  __TI_int52                             
0000ffea  __TI_int53                             
0000ffec  __TI_int54                             
0000ffee  __TI_int55                             
0000fff0  __TI_int56                             
0000fff2  __TI_int57                             
0000fff4  __TI_int58                             
0000fff6  __TI_int59                             
0000fff8  __TI_int60                             
0000fffa  __TI_int61                             
0000fffc  __TI_int62                             
0000fffe  _reset_vector                          
0001029e  hal_SPI_Init                           
0001076a  UART_ReconfigureBaud                   
0001076a  hal_UART_Init                          
0001096a  nrf24_NetworkInitN                     
00010d5e  Buffer_vprintf                         
000110e6  UART_Tick                              
00011286  nRF24_EventHandler                     
00011424  nrf24_SendMsgN                         
00011aac  main                                   
00011cbc  UART_Init                              
00011eba  SPI_Tx_Handler                         
000121a0  SPI_Rx_Handler                         
00012292  SPI_Transact                           
0001253a  nRF24_Init                             
00012600  List_LinkItem                          
0001277c  Buffer_EnqueueData                     
00012836  SystemTick                             
000128ee  __mspabi_mpyf                          
000129a6  Buffer_HexN                            
00012b06  List_Link                              
00012d96  Buffer_Float                           
00012ec6  Buffer_Enqueue                         
00012fe4  List_Init                              
00013070  __mspabi_cvtdf                         
00013204  __mspabi_fixfli                        
00013282  Subsystem_Init                         
000132fe  nRF24_OpenRxPipe                       
0001337a  ADC_AddChannel                         
000133f4  SetClk24MHz                            
0001346c  nRF24_StartListening                   
000135d0  __TI_decompress_lzss                   
0001372a  Task_Init                              
0001379a  hal_ADC_StartChannel                   
00013808  Thief_Init                             
00013874  nRF24_WriteAck                         
000138de  __mspabi_fixfi                         
00013946  nRF24_WriteMultReg                     
00013a10  Buffer_uint32                          
00013ace  Subsystem_Write                        
00013b28  __mspabi_divul                         
00013b28  __mspabi_remul                         
00013bd6  ADC_ProcessMeasurementFromISR          
00013c2a  List_AddIndirect                       
00013c7e  __TI_auto_init_nobinit_nopinit_hold_wdt
00013cd2  Buffer_uint16                          
00013d24  nrf24_RegisterMsgHandlerN              
00013d76  SPI_Init                               
00013dc6  SetVcoreUp                             
00013e14  UART_Tx_Handler                        
00013e62  nRF24_Write                            
00013efc  Thief_Access                           
00013f48  nRF24_GetPayloadLength                 
00013f94  Task_Schedule                          
00013fde  Thief_Trip                             
00014028  nRF24_ReadReg                          
00014072  nRF24_WriteReg                         
000140bc  nRF24_FlushRx                          
00014104  nRF24_FlushTx                          
0001414c  nRF24_OpenTxPipe                       
00014194  nrf24_Ping                             
000141da  Log_Header                             
00014262  UART_RegisterReceiver                  
000142a6  hal_SPI_OverrunError                   
000142e6  hal_SPI_TxIntStatus                    
00014326  __mspabi_divli                         
00014326  __mspabi_remli                         
00014366  Buffer_Dequeue                         
000143a4  TimeSince                              
000143e2  UART_Rx_Handler                        
00014420  UART_Write                             
0001445e  __mspabi_slll_15                       
00014462  __mspabi_slll_14                       
00014466  __mspabi_slll_13                       
0001446a  __mspabi_slll_12                       
0001446e  __mspabi_slll_11                       
00014472  __mspabi_slll_10                       
00014476  __mspabi_slll_9                        
0001447a  __mspabi_slll_8                        
0001447e  __mspabi_slll_7                        
00014482  __mspabi_slll_6                        
00014486  __mspabi_slll_5                        
0001448a  __mspabi_slll_4                        
0001448e  __mspabi_slll_3                        
00014492  __mspabi_slll_2                        
00014496  __mspabi_slll_1                        
0001449c  __mspabi_srll_15                       
000144a0  __mspabi_srll_14                       
000144a4  __mspabi_srll_13                       
000144a8  __mspabi_srll_12                       
000144ac  __mspabi_srll_11                       
000144b0  __mspabi_srll_10                       
000144b4  __mspabi_srll_9                        
000144b8  __mspabi_srll_8                        
000144bc  __mspabi_srll_7                        
000144c0  __mspabi_srll_6                        
000144c4  __mspabi_srll_5                        
000144c8  __mspabi_srll_4                        
000144cc  __mspabi_srll_3                        
000144d0  __mspabi_srll_2                        
000144d4  __mspabi_srll_1                        
000144da  AddressFromName                        
00014514  TimeSinceUs                            
0001454c  hal_SPI_DataAvailable                  
00014584  hal_SPI_RxIntStatus                    
000145bc  hal_SPI_SpaceAvailable                 
0001462a  ArgToU8                                
00014692  Task_Queue                             
000146c4  Trip                                   
000146f6  UART_printf                            
00014728  nRF24_SetDataRate                      
0001478a  TimeNowUs                              
000147ba  hal_SPI_RxByte                         
000147ea  UART_vprintf                           
00014818  nRF24_SetPowerAmplificationLevel       
00014846  strcasecmp                             
00014874  strncmp                                
000148a2  Subsystem_GetName                      
000148ce  nRF24_SetActive                        
000148fa  Buffer_Init                            
00014924  Buffer_int32                           
0001494e  UART_WriteByte                         
00014978  hal_SPI_ClearRxIF                      
000149a2  hal_SPI_ClearTxIF                      
000149cc  hal_SPI_Disable                        
000149f6  hal_SPI_DisableTxInterrupt             
00014a20  hal_SPI_Enable                         
00014a4a  hal_SPI_EnableRxInterrupt              
00014a74  hal_SPI_EnableTxInterrupt              
00014a9e  hal_SPI_TxByte                         
00014ac8  nRF24_SetCRCMode                       
00014b1a  DelayMs                                
00014b42  RF2_PollIRQ                            
00014b90  DelayUs                                
00014bb4  __TI_zero_init                         
00014bd8  hal_UART_TxInterruptEnabled            
00014bfc  __mspabi_mpyl_f5hw                     
00014c20  Buffer_int16                           
00014c42  RF1_PollIRQ                            
00014c64  List_GetFirst                          
00014c84  hal_UART_DataAvailable                 
00014ca4  hal_UART_SpaceAvailable                
00014cc4  List_Remove                            
00014ce2  NameFromAddress                        
00014d00  Timing_Init                            
00014d1e  hal_UART_RxByte                        
00014d3a  Buffer_Str                             
00014d6e  nrf24_SendMsg                          
00014d88  List_GetNext                           
00014da0  hal_Timing_Init                        
00014db8  nRF24_Standby                          
00014dd0  nrf24_NetworkInit                      
00014de8  __mspabi_mpyi_f5hw                     
00014e00  ADC_Init                               
00014e16  LogStr                                 
00014e42  RF1_CSN                                
00014e58  RF2_CSN                                
00014e6e  hal_ADC_Init                           
00014e84  hal_UART_ClearRxIF                     
00014e9a  hal_UART_Disable                       
00014eb0  hal_UART_DisableTxInterrupt            
00014ec6  hal_UART_Enable                        
00014edc  hal_UART_EnableRxInterrupt             
00014ef2  hal_UART_EnableTxInterrupt             
00014f08  hal_UART_TxByte                        
00014f1e  __mspabi_divu                          
00014f1e  __mspabi_remu                          
00014f34  RF1_CE                                 
00014f48  Timing_Roll                            
00014f5c  memcpy                                 
00014f70  SPI_ISR                                
00014f82  __TI_decompress_none                   
00014f94  nRF24_SetRetries                       
00014fa6  nRF24_SetChannel                       
00014fc4  List_RemoveFirst                       
00014fee  SetHBridge                             
00015018  nrf24_NetworkISRHandler                
00015026  nrf24_RegisterMsgHandler               
00015034  strlen                                 
00015042  List_UnlinkFirst                       
0001504e  printADCValue                          
0001508c  TimeNow                                
000150aa  __mspabi_slli                          
000150b4  Arm                                    
000150ba  Difficulty                             
000150c0  Disarm                                 
000150c6  LEDoff                                 
000150cc  List_SetIdentifyFunction               
000150d2  List_SetSortFunction                   
000150de  C$$EXIT                                
000150de  abort                                  
000150e4  Buffer_GetSize                         
000150e8  _system_pre_init                       
000150ec  _system_post_cinit                     
ffffffff  __TI_pprof_out_hndl                    
ffffffff  __TI_prof_data_size                    
ffffffff  __TI_prof_data_start                   
ffffffff  __c_args__                             

[997 symbols]
