<?xml version="1.0" encoding="ISO-8859-1" ?>
<link_info>
   <banner>MSP430 Linker PC v18.1.5.LTS</banner>
   <copyright>Copyright (c) 2003-2018 Texas Instruments Incorporated</copyright>
   <link_time>0x5c9ac5a6</link_time>
   <link_errors>0x0</link_errors>
   <output_file>Klein_Game.out</output_file>
   <entry_point>
      <name>_c_int00_noargs</name>
      <address>0x4400</address>
   </entry_point>
   <input_file_list>
      <input_file id="fl-2">
         <path>.\</path>
         <kind>object</kind>
         <file>adc.obj</file>
         <name>adc.obj</name>
      </input_file>
      <input_file id="fl-3">
         <path>.\</path>
         <kind>object</kind>
         <file>buffer.obj</file>
         <name>buffer.obj</name>
      </input_file>
      <input_file id="fl-4">
         <path>.\</path>
         <kind>object</kind>
         <file>buffer_printf.obj</file>
         <name>buffer_printf.obj</name>
      </input_file>
      <input_file id="fl-5">
         <path>.\</path>
         <kind>object</kind>
         <file>game.obj</file>
         <name>game.obj</name>
      </input_file>
      <input_file id="fl-6">
         <path>.\</path>
         <kind>object</kind>
         <file>hal_uart.obj</file>
         <name>hal_uart.obj</name>
      </input_file>
      <input_file id="fl-7">
         <path>.\</path>
         <kind>object</kind>
         <file>json_parser.obj</file>
         <name>json_parser.obj</name>
      </input_file>
      <input_file id="fl-8">
         <path>.\</path>
         <kind>object</kind>
         <file>klein_game.obj</file>
         <name>klein_game.obj</name>
      </input_file>
      <input_file id="fl-9">
         <path>.\</path>
         <kind>object</kind>
         <file>list.obj</file>
         <name>list.obj</name>
      </input_file>
      <input_file id="fl-a">
         <path>.\</path>
         <kind>object</kind>
         <file>main.obj</file>
         <name>main.obj</name>
      </input_file>
      <input_file id="fl-b">
         <path>.\</path>
         <kind>object</kind>
         <file>random_int.obj</file>
         <name>random_int.obj</name>
      </input_file>
      <input_file id="fl-c">
         <path>.\</path>
         <kind>object</kind>
         <file>strcasecmp.obj</file>
         <name>strcasecmp.obj</name>
      </input_file>
      <input_file id="fl-d">
         <path>.\</path>
         <kind>object</kind>
         <file>subsystem.obj</file>
         <name>subsystem.obj</name>
      </input_file>
      <input_file id="fl-e">
         <path>.\</path>
         <kind>object</kind>
         <file>task.obj</file>
         <name>task.obj</name>
      </input_file>
      <input_file id="fl-f">
         <path>.\</path>
         <kind>object</kind>
         <file>terminal.obj</file>
         <name>terminal.obj</name>
      </input_file>
      <input_file id="fl-10">
         <path>.\</path>
         <kind>object</kind>
         <file>timing.obj</file>
         <name>timing.obj</name>
      </input_file>
      <input_file id="fl-11">
         <path>.\</path>
         <kind>object</kind>
         <file>uart.obj</file>
         <name>uart.obj</name>
      </input_file>
      <input_file id="fl-17">
         <kind>object</kind>
         <file>&lt;internal&gt;</file>
         <name>&lt;internal&gt;</name>
      </input_file>
      <input_file id="fl-32">
         <path>C:\ti\ccsv8\tools\compiler\ti-cgt-msp430_18.1.5.LTS\lib\</path>
         <kind>archive</kind>
         <file>rts430x_lc_rd_eabi.lib</file>
         <name>div16s.asm.obj</name>
      </input_file>
      <input_file id="fl-33">
         <path>C:\ti\ccsv8\tools\compiler\ti-cgt-msp430_18.1.5.LTS\lib\</path>
         <kind>archive</kind>
         <file>rts430x_lc_rd_eabi.lib</file>
         <name>div16u.asm.obj</name>
      </input_file>
      <input_file id="fl-34">
         <path>C:\ti\ccsv8\tools\compiler\ti-cgt-msp430_18.1.5.LTS\lib\</path>
         <kind>archive</kind>
         <file>rts430x_lc_rd_eabi.lib</file>
         <name>div32s.asm.obj</name>
      </input_file>
      <input_file id="fl-35">
         <path>C:\ti\ccsv8\tools\compiler\ti-cgt-msp430_18.1.5.LTS\lib\</path>
         <kind>archive</kind>
         <file>rts430x_lc_rd_eabi.lib</file>
         <name>div32u.asm.obj</name>
      </input_file>
      <input_file id="fl-36">
         <path>C:\ti\ccsv8\tools\compiler\ti-cgt-msp430_18.1.5.LTS\lib\</path>
         <kind>archive</kind>
         <file>rts430x_lc_rd_eabi.lib</file>
         <name>fs_mpy.asm.obj</name>
      </input_file>
      <input_file id="fl-37">
         <path>C:\ti\ccsv8\tools\compiler\ti-cgt-msp430_18.1.5.LTS\lib\</path>
         <kind>archive</kind>
         <file>rts430x_lc_rd_eabi.lib</file>
         <name>fs_toi.asm.obj</name>
      </input_file>
      <input_file id="fl-38">
         <path>C:\ti\ccsv8\tools\compiler\ti-cgt-msp430_18.1.5.LTS\lib\</path>
         <kind>archive</kind>
         <file>rts430x_lc_rd_eabi.lib</file>
         <name>fs_tol.asm.obj</name>
      </input_file>
      <input_file id="fl-39">
         <path>C:\ti\ccsv8\tools\compiler\ti-cgt-msp430_18.1.5.LTS\lib\</path>
         <kind>archive</kind>
         <file>rts430x_lc_rd_eabi.lib</file>
         <name>int41.asm.obj</name>
      </input_file>
      <input_file id="fl-3a">
         <path>C:\ti\ccsv8\tools\compiler\ti-cgt-msp430_18.1.5.LTS\lib\</path>
         <kind>archive</kind>
         <file>rts430x_lc_rd_eabi.lib</file>
         <name>int42.asm.obj</name>
      </input_file>
      <input_file id="fl-3b">
         <path>C:\ti\ccsv8\tools\compiler\ti-cgt-msp430_18.1.5.LTS\lib\</path>
         <kind>archive</kind>
         <file>rts430x_lc_rd_eabi.lib</file>
         <name>int43.asm.obj</name>
      </input_file>
      <input_file id="fl-3c">
         <path>C:\ti\ccsv8\tools\compiler\ti-cgt-msp430_18.1.5.LTS\lib\</path>
         <kind>archive</kind>
         <file>rts430x_lc_rd_eabi.lib</file>
         <name>int44.asm.obj</name>
      </input_file>
      <input_file id="fl-3d">
         <path>C:\ti\ccsv8\tools\compiler\ti-cgt-msp430_18.1.5.LTS\lib\</path>
         <kind>archive</kind>
         <file>rts430x_lc_rd_eabi.lib</file>
         <name>int45.asm.obj</name>
      </input_file>
      <input_file id="fl-3e">
         <path>C:\ti\ccsv8\tools\compiler\ti-cgt-msp430_18.1.5.LTS\lib\</path>
         <kind>archive</kind>
         <file>rts430x_lc_rd_eabi.lib</file>
         <name>int46.asm.obj</name>
      </input_file>
      <input_file id="fl-3f">
         <path>C:\ti\ccsv8\tools\compiler\ti-cgt-msp430_18.1.5.LTS\lib\</path>
         <kind>archive</kind>
         <file>rts430x_lc_rd_eabi.lib</file>
         <name>int47.asm.obj</name>
      </input_file>
      <input_file id="fl-40">
         <path>C:\ti\ccsv8\tools\compiler\ti-cgt-msp430_18.1.5.LTS\lib\</path>
         <kind>archive</kind>
         <file>rts430x_lc_rd_eabi.lib</file>
         <name>int48.asm.obj</name>
      </input_file>
      <input_file id="fl-41">
         <path>C:\ti\ccsv8\tools\compiler\ti-cgt-msp430_18.1.5.LTS\lib\</path>
         <kind>archive</kind>
         <file>rts430x_lc_rd_eabi.lib</file>
         <name>int49.asm.obj</name>
      </input_file>
      <input_file id="fl-42">
         <path>C:\ti\ccsv8\tools\compiler\ti-cgt-msp430_18.1.5.LTS\lib\</path>
         <kind>archive</kind>
         <file>rts430x_lc_rd_eabi.lib</file>
         <name>int50.asm.obj</name>
      </input_file>
      <input_file id="fl-43">
         <path>C:\ti\ccsv8\tools\compiler\ti-cgt-msp430_18.1.5.LTS\lib\</path>
         <kind>archive</kind>
         <file>rts430x_lc_rd_eabi.lib</file>
         <name>int51.asm.obj</name>
      </input_file>
      <input_file id="fl-44">
         <path>C:\ti\ccsv8\tools\compiler\ti-cgt-msp430_18.1.5.LTS\lib\</path>
         <kind>archive</kind>
         <file>rts430x_lc_rd_eabi.lib</file>
         <name>int52.asm.obj</name>
      </input_file>
      <input_file id="fl-45">
         <path>C:\ti\ccsv8\tools\compiler\ti-cgt-msp430_18.1.5.LTS\lib\</path>
         <kind>archive</kind>
         <file>rts430x_lc_rd_eabi.lib</file>
         <name>int54.asm.obj</name>
      </input_file>
      <input_file id="fl-46">
         <path>C:\ti\ccsv8\tools\compiler\ti-cgt-msp430_18.1.5.LTS\lib\</path>
         <kind>archive</kind>
         <file>rts430x_lc_rd_eabi.lib</file>
         <name>int55.asm.obj</name>
      </input_file>
      <input_file id="fl-47">
         <path>C:\ti\ccsv8\tools\compiler\ti-cgt-msp430_18.1.5.LTS\lib\</path>
         <kind>archive</kind>
         <file>rts430x_lc_rd_eabi.lib</file>
         <name>int57.asm.obj</name>
      </input_file>
      <input_file id="fl-48">
         <path>C:\ti\ccsv8\tools\compiler\ti-cgt-msp430_18.1.5.LTS\lib\</path>
         <kind>archive</kind>
         <file>rts430x_lc_rd_eabi.lib</file>
         <name>int58.asm.obj</name>
      </input_file>
      <input_file id="fl-49">
         <path>C:\ti\ccsv8\tools\compiler\ti-cgt-msp430_18.1.5.LTS\lib\</path>
         <kind>archive</kind>
         <file>rts430x_lc_rd_eabi.lib</file>
         <name>int59.asm.obj</name>
      </input_file>
      <input_file id="fl-4a">
         <path>C:\ti\ccsv8\tools\compiler\ti-cgt-msp430_18.1.5.LTS\lib\</path>
         <kind>archive</kind>
         <file>rts430x_lc_rd_eabi.lib</file>
         <name>int60.asm.obj</name>
      </input_file>
      <input_file id="fl-4b">
         <path>C:\ti\ccsv8\tools\compiler\ti-cgt-msp430_18.1.5.LTS\lib\</path>
         <kind>archive</kind>
         <file>rts430x_lc_rd_eabi.lib</file>
         <name>int61.asm.obj</name>
      </input_file>
      <input_file id="fl-4c">
         <path>C:\ti\ccsv8\tools\compiler\ti-cgt-msp430_18.1.5.LTS\lib\</path>
         <kind>archive</kind>
         <file>rts430x_lc_rd_eabi.lib</file>
         <name>int62.asm.obj</name>
      </input_file>
      <input_file id="fl-4d">
         <path>C:\ti\ccsv8\tools\compiler\ti-cgt-msp430_18.1.5.LTS\lib\</path>
         <kind>archive</kind>
         <file>rts430x_lc_rd_eabi.lib</file>
         <name>isr_trap.asm.obj</name>
      </input_file>
      <input_file id="fl-4e">
         <path>C:\ti\ccsv8\tools\compiler\ti-cgt-msp430_18.1.5.LTS\lib\</path>
         <kind>archive</kind>
         <file>rts430x_lc_rd_eabi.lib</file>
         <name>lsl16.asm.obj</name>
      </input_file>
      <input_file id="fl-4f">
         <path>C:\ti\ccsv8\tools\compiler\ti-cgt-msp430_18.1.5.LTS\lib\</path>
         <kind>archive</kind>
         <file>rts430x_lc_rd_eabi.lib</file>
         <name>lsr32.asm.obj</name>
      </input_file>
      <input_file id="fl-50">
         <path>C:\ti\ccsv8\tools\compiler\ti-cgt-msp430_18.1.5.LTS\lib\</path>
         <kind>archive</kind>
         <file>rts430x_lc_rd_eabi.lib</file>
         <name>mult16.asm.obj</name>
      </input_file>
      <input_file id="fl-51">
         <path>C:\ti\ccsv8\tools\compiler\ti-cgt-msp430_18.1.5.LTS\lib\</path>
         <kind>archive</kind>
         <file>rts430x_lc_rd_eabi.lib</file>
         <name>mult16_f5hw.asm.obj</name>
      </input_file>
      <input_file id="fl-52">
         <path>C:\ti\ccsv8\tools\compiler\ti-cgt-msp430_18.1.5.LTS\lib\</path>
         <kind>archive</kind>
         <file>rts430x_lc_rd_eabi.lib</file>
         <name>mult1632_f5hw.asm.obj</name>
      </input_file>
      <input_file id="fl-53">
         <path>C:\ti\ccsv8\tools\compiler\ti-cgt-msp430_18.1.5.LTS\lib\</path>
         <kind>archive</kind>
         <file>rts430x_lc_rd_eabi.lib</file>
         <name>mult32.asm.obj</name>
      </input_file>
      <input_file id="fl-54">
         <path>C:\ti\ccsv8\tools\compiler\ti-cgt-msp430_18.1.5.LTS\lib\</path>
         <kind>archive</kind>
         <file>rts430x_lc_rd_eabi.lib</file>
         <name>mult32_f5hw.asm.obj</name>
      </input_file>
      <input_file id="fl-55">
         <path>C:\ti\ccsv8\tools\compiler\ti-cgt-msp430_18.1.5.LTS\lib\</path>
         <kind>archive</kind>
         <file>rts430x_lc_rd_eabi.lib</file>
         <name>mult3264_f5hw.asm.obj</name>
      </input_file>
      <input_file id="fl-56">
         <path>C:\ti\ccsv8\tools\compiler\ti-cgt-msp430_18.1.5.LTS\lib\</path>
         <kind>archive</kind>
         <file>rts430x_lc_rd_eabi.lib</file>
         <name>mult64_f5hw.asm.obj</name>
      </input_file>
      <input_file id="fl-57">
         <path>C:\ti\ccsv8\tools\compiler\ti-cgt-msp430_18.1.5.LTS\lib\</path>
         <kind>archive</kind>
         <file>rts430x_lc_rd_eabi.lib</file>
         <name>boot.c.obj</name>
      </input_file>
      <input_file id="fl-58">
         <path>C:\ti\ccsv8\tools\compiler\ti-cgt-msp430_18.1.5.LTS\lib\</path>
         <kind>archive</kind>
         <file>rts430x_lc_rd_eabi.lib</file>
         <name>autoinit.c.obj</name>
      </input_file>
      <input_file id="fl-59">
         <path>C:\ti\ccsv8\tools\compiler\ti-cgt-msp430_18.1.5.LTS\lib\</path>
         <kind>archive</kind>
         <file>rts430x_lc_rd_eabi.lib</file>
         <name>copy_zero_init.c.obj</name>
      </input_file>
      <input_file id="fl-5a">
         <path>C:\ti\ccsv8\tools\compiler\ti-cgt-msp430_18.1.5.LTS\lib\</path>
         <kind>archive</kind>
         <file>rts430x_lc_rd_eabi.lib</file>
         <name>cpy_tbl.c.obj</name>
      </input_file>
      <input_file id="fl-5b">
         <path>C:\ti\ccsv8\tools\compiler\ti-cgt-msp430_18.1.5.LTS\lib\</path>
         <kind>archive</kind>
         <file>rts430x_lc_rd_eabi.lib</file>
         <name>mpu_init.c.obj</name>
      </input_file>
      <input_file id="fl-5c">
         <path>C:\ti\ccsv8\tools\compiler\ti-cgt-msp430_18.1.5.LTS\lib\</path>
         <kind>archive</kind>
         <file>rts430x_lc_rd_eabi.lib</file>
         <name>lsr64.c.obj</name>
      </input_file>
      <input_file id="fl-5d">
         <path>C:\ti\ccsv8\tools\compiler\ti-cgt-msp430_18.1.5.LTS\lib\</path>
         <kind>archive</kind>
         <file>rts430x_lc_rd_eabi.lib</file>
         <name>pre_init.c.obj</name>
      </input_file>
      <input_file id="fl-5e">
         <path>C:\ti\ccsv8\tools\compiler\ti-cgt-msp430_18.1.5.LTS\lib\</path>
         <kind>archive</kind>
         <file>rts430x_lc_rd_eabi.lib</file>
         <name>startup.c.obj</name>
      </input_file>
      <input_file id="fl-5f">
         <path>C:\ti\ccsv8\tools\compiler\ti-cgt-msp430_18.1.5.LTS\lib\</path>
         <kind>archive</kind>
         <file>rts430x_lc_rd_eabi.lib</file>
         <name>copy_decompress_none.c.obj</name>
      </input_file>
      <input_file id="fl-60">
         <path>C:\ti\ccsv8\tools\compiler\ti-cgt-msp430_18.1.5.LTS\lib\</path>
         <kind>archive</kind>
         <file>rts430x_lc_rd_eabi.lib</file>
         <name>copy_decompress_lzss.c.obj</name>
      </input_file>
      <input_file id="fl-61">
         <path>C:\ti\ccsv8\tools\compiler\ti-cgt-msp430_18.1.5.LTS\lib\</path>
         <kind>archive</kind>
         <file>rts430x_lc_rd_eabi.lib</file>
         <name>cvtdf.c.obj</name>
      </input_file>
      <input_file id="fl-62">
         <path>C:\ti\ccsv8\tools\compiler\ti-cgt-msp430_18.1.5.LTS\lib\</path>
         <kind>archive</kind>
         <file>rts430x_lc_rd_eabi.lib</file>
         <name>exit.c.obj</name>
      </input_file>
      <input_file id="fl-63">
         <path>C:\ti\ccsv8\tools\compiler\ti-cgt-msp430_18.1.5.LTS\lib\</path>
         <kind>archive</kind>
         <file>rts430x_lc_rd_eabi.lib</file>
         <name>_lock.c.obj</name>
      </input_file>
      <input_file id="fl-64">
         <path>C:\ti\ccsv8\tools\compiler\ti-cgt-msp430_18.1.5.LTS\lib\</path>
         <kind>archive</kind>
         <file>rts430x_lc_rd_eabi.lib</file>
         <name>args_main.c.obj</name>
      </input_file>
      <input_file id="fl-65">
         <path>C:\ti\ccsv8\tools\compiler\ti-cgt-msp430_18.1.5.LTS\lib\</path>
         <kind>archive</kind>
         <file>rts430x_lc_rd_eabi.lib</file>
         <name>memcpy.c.obj</name>
      </input_file>
      <input_file id="fl-66">
         <path>C:\ti\ccsv8\tools\compiler\ti-cgt-msp430_18.1.5.LTS\lib\</path>
         <kind>archive</kind>
         <file>rts430x_lc_rd_eabi.lib</file>
         <name>rand.c.obj</name>
      </input_file>
      <input_file id="fl-67">
         <path>C:\ti\ccsv8\tools\compiler\ti-cgt-msp430_18.1.5.LTS\lib\</path>
         <kind>archive</kind>
         <file>rts430x_lc_rd_eabi.lib</file>
         <name>strlen.c.obj</name>
      </input_file>
      <input_file id="fl-68">
         <path>C:\ti\ccsv8\tools\compiler\ti-cgt-msp430_18.1.5.LTS\lib\</path>
         <kind>archive</kind>
         <file>rts430x_lc_rd_eabi.lib</file>
         <name>lsl32.asm.obj</name>
      </input_file>
      <input_file id="fl-69">
         <path>C:\ti\ccsv8\tools\compiler\ti-cgt-msp430_18.1.5.LTS\lib\</path>
         <kind>archive</kind>
         <file>rts430x_lc_rd_eabi.lib</file>
         <name>exit_gvars.c.obj</name>
      </input_file>
   </input_file_list>
   <object_component_list>
      <object_component id="oc-67a">
         <name>.bss:patrons1</name>
         <uninitialized>true</uninitialized>
         <run_address>0x3628</run_address>
         <size>0xc</size>
         <input_file_ref idref="fl-8"/>
      </object_component>
      <object_component id="oc-67d">
         <name>.bss:patrons2</name>
         <uninitialized>true</uninitialized>
         <run_address>0x3634</run_address>
         <size>0xc</size>
         <input_file_ref idref="fl-8"/>
      </object_component>
      <object_component id="oc-680">
         <name>.bss:patrons3</name>
         <uninitialized>true</uninitialized>
         <run_address>0x3640</run_address>
         <size>0xc</size>
         <input_file_ref idref="fl-8"/>
      </object_component>
      <object_component id="oc-674">
         <name>.bss:FULL_GLASSES</name>
         <uninitialized>true</uninitialized>
         <run_address>0x3610</run_address>
         <size>0xc</size>
         <input_file_ref idref="fl-8"/>
      </object_component>
      <object_component id="oc-677">
         <name>.bss:EMPTY_GLASSES</name>
         <uninitialized>true</uninitialized>
         <run_address>0x3586</run_address>
         <size>0x20</size>
         <input_file_ref idref="fl-8"/>
      </object_component>
      <object_component id="oc-58f">
         <name>.bss:game</name>
         <uninitialized>true</uninitialized>
         <run_address>0x361c</run_address>
         <size>0xc</size>
         <input_file_ref idref="fl-8"/>
      </object_component>
      <object_component id="oc-883">
         <name>.bss</name>
         <uninitialized>true</uninitialized>
         <run_address>0x365c</run_address>
         <size>0x4</size>
         <input_file_ref idref="fl-8"/>
      </object_component>
      <object_component id="oc-956">
         <name>.bss:receive_buffer</name>
         <uninitialized>true</uninitialized>
         <run_address>0x3516</run_address>
         <size>0x40</size>
         <input_file_ref idref="fl-d"/>
      </object_component>
      <object_component id="oc-955">
         <name>.bss</name>
         <uninitialized>true</uninitialized>
         <run_address>0x366c</run_address>
         <size>0x2</size>
         <input_file_ref idref="fl-d"/>
      </object_component>
      <object_component id="oc-6c2">
         <name>.common:games</name>
         <uninitialized>true</uninitialized>
         <run_address>0x2f20</run_address>
         <size>0x30c</size>
      </object_component>
      <object_component id="oc-7e4">
         <name>.common:game_id</name>
         <uninitialized>true</uninitialized>
         <run_address>0x366f</run_address>
         <size>0x1</size>
      </object_component>
      <object_component id="oc-59f">
         <name>.common:sys</name>
         <uninitialized>true</uninitialized>
         <run_address>0x3484</run_address>
         <size>0x92</size>
      </object_component>
      <object_component id="oc-534">
         <name>.common:task_list_array</name>
         <uninitialized>true</uninitialized>
         <run_address>0x2c00</run_address>
         <size>0x320</size>
      </object_component>
      <object_component id="oc-530">
         <name>.common:task_list_links</name>
         <uninitialized>true</uninitialized>
         <run_address>0x322c</run_address>
         <size>0x258</size>
      </object_component>
      <object_component id="oc-533">
         <name>.common:task_list</name>
         <uninitialized>true</uninitialized>
         <run_address>0x3556</run_address>
         <size>0x30</size>
      </object_component>
      <object_component id="oc-553">
         <name>.common:idle_task</name>
         <uninitialized>true</uninitialized>
         <run_address>0x3660</run_address>
         <size>0x4</size>
      </object_component>
      <object_component id="oc-3e6">
         <name>.common:time_ms</name>
         <uninitialized>true</uninitialized>
         <run_address>0x3668</run_address>
         <size>0x4</size>
      </object_component>
      <object_component id="oc-615">
         <name>.common:rollover_time</name>
         <uninitialized>true</uninitialized>
         <run_address>0x3664</run_address>
         <size>0x4</size>
      </object_component>
      <object_component id="oc-56f">
         <name>.common:rx0</name>
         <uninitialized>true</uninitialized>
         <run_address>0x35c6</run_address>
         <size>0x1c</size>
      </object_component>
      <object_component id="oc-577">
         <name>.common:tx0</name>
         <uninitialized>true</uninitialized>
         <run_address>0x35e2</run_address>
         <size>0x1c</size>
      </object_component>
      <object_component id="oc-578">
         <name>.common:tx_buffer_array0</name>
         <uninitialized>true</uninitialized>
         <run_address>0x2400</run_address>
         <size>0x800</size>
      </object_component>
      <object_component id="oc-570">
         <name>.common:rx_buffer_array0</name>
         <uninitialized>true</uninitialized>
         <run_address>0x35a6</run_address>
         <size>0x20</size>
      </object_component>
      <object_component id="oc-579">
         <name>.common:receiverList0</name>
         <uninitialized>true</uninitialized>
         <run_address>0x364c</run_address>
         <size>0x8</size>
      </object_component>
      <object_component id="oc-57a">
         <name>.common:receiver_array0</name>
         <uninitialized>true</uninitialized>
         <run_address>0x3654</run_address>
         <size>0x8</size>
      </object_component>
      <object_component id="oc-446">
         <name>.common:uart</name>
         <uninitialized>true</uninitialized>
         <run_address>0x35fe</run_address>
         <size>0x12</size>
      </object_component>
      <object_component id="oc-45a">
         <name>.common:rx_flags</name>
         <uninitialized>true</uninitialized>
         <run_address>0x3670</run_address>
         <size>0x1</size>
      </object_component>
      <object_component id="oc-568">
         <name>.common:error_flags</name>
         <uninitialized>true</uninitialized>
         <run_address>0x366e</run_address>
         <size>0x1</size>
      </object_component>
      <object_component id="oc-6bc">
         <name>.data</name>
         <load_address>0x368e</load_address>
         <run_address>0x368e</run_address>
         <size>0x4</size>
         <input_file_ref idref="fl-5"/>
      </object_component>
      <object_component id="oc-8e5">
         <name>.data</name>
         <load_address>0x369a</load_address>
         <run_address>0x369a</run_address>
         <size>0x2</size>
         <input_file_ref idref="fl-9"/>
      </object_component>
      <object_component id="oc-8a4">
         <name>.data</name>
         <load_address>0x369c</load_address>
         <run_address>0x369c</run_address>
         <size>0x1</size>
         <input_file_ref idref="fl-b"/>
      </object_component>
      <object_component id="oc-8d0">
         <name>.data:log_level_str</name>
         <load_address>0x3672</load_address>
         <run_address>0x3672</run_address>
         <size>0x14</size>
         <input_file_ref idref="fl-d"/>
      </object_component>
      <object_component id="oc-920">
         <name>.data</name>
         <load_address>0x3696</load_address>
         <run_address>0x3696</run_address>
         <size>0x4</size>
         <input_file_ref idref="fl-d"/>
      </object_component>
      <object_component id="oc-529">
         <name>.data</name>
         <load_address>0x369d</load_address>
         <run_address>0x369d</run_address>
         <size>0x1</size>
         <input_file_ref idref="fl-e"/>
      </object_component>
      <object_component id="oc-614">
         <name>.data</name>
         <load_address>0x369e</load_address>
         <run_address>0x369e</run_address>
         <size>0x1</size>
         <input_file_ref idref="fl-10"/>
      </object_component>
      <object_component id="oc-561">
         <name>.data</name>
         <load_address>0x369f</load_address>
         <run_address>0x369f</run_address>
         <size>0x1</size>
         <input_file_ref idref="fl-11"/>
      </object_component>
      <object_component id="oc-5db">
         <name>.data:_lock</name>
         <load_address>0x3686</load_address>
         <run_address>0x3686</run_address>
         <size>0x4</size>
         <input_file_ref idref="fl-63"/>
      </object_component>
      <object_component id="oc-5e4">
         <name>.data:_unlock</name>
         <load_address>0x368a</load_address>
         <run_address>0x368a</run_address>
         <size>0x4</size>
         <input_file_ref idref="fl-63"/>
      </object_component>
      <object_component id="oc-907">
         <name>.data</name>
         <load_address>0x3692</load_address>
         <run_address>0x3692</run_address>
         <size>0x4</size>
         <input_file_ref idref="fl-66"/>
      </object_component>
      <object_component id="oc-36b">
         <name>.stack</name>
         <uninitialized>true</uninitialized>
         <run_address>0x4360</run_address>
         <size>0x4</size>
         <input_file_ref idref="fl-57"/>
      </object_component>
      <object_component id="oc-9d9">
         <name>.stack</name>
         <uninitialized>true</uninitialized>
         <run_address>0x4360</run_address>
         <size>0x0</size>
      </object_component>
      <object_component id="oc-924">
         <name>.text:SystemCallback</name>
         <load_address>0x10000</load_address>
         <run_address>0x10000</run_address>
         <size>0x254</size>
         <input_file_ref idref="fl-d"/>
      </object_component>
      <object_component id="oc-569">
         <name>.text:hal_UART_Init</name>
         <load_address>0x10254</load_address>
         <run_address>0x10254</run_address>
         <size>0x200</size>
         <input_file_ref idref="fl-6"/>
      </object_component>
      <object_component id="oc-7d8">
         <name>.text:Game_Callback</name>
         <load_address>0x10454</load_address>
         <run_address>0x10454</run_address>
         <size>0x1e6</size>
         <input_file_ref idref="fl-5"/>
      </object_component>
      <object_component id="oc-5a5">
         <name>.text:Buffer_vprintf</name>
         <load_address>0x1063a</load_address>
         <run_address>0x1063a</run_address>
         <size>0x1d4</size>
         <input_file_ref idref="fl-4"/>
      </object_component>
      <object_component id="oc-562">
         <name>.text:UART_Tick</name>
         <load_address>0x1080e</load_address>
         <run_address>0x1080e</run_address>
         <size>0x1a0</size>
         <input_file_ref idref="fl-11"/>
      </object_component>
      <object_component id="oc-57d">
         <name>.text:Play</name>
         <load_address>0x109ae</load_address>
         <run_address>0x109ae</run_address>
         <size>0x14e</size>
         <input_file_ref idref="fl-8"/>
      </object_component>
      <object_component id="oc-6a7">
         <name>.text:SendPatron</name>
         <load_address>0x10afc</load_address>
         <run_address>0x10afc</run_address>
         <size>0x136</size>
         <input_file_ref idref="fl-8"/>
      </object_component>
      <object_component id="oc-959">
         <name>.text:ProcessMsg</name>
         <load_address>0x10c32</load_address>
         <run_address>0x10c32</run_address>
         <size>0x134</size>
         <input_file_ref idref="fl-d"/>
      </object_component>
      <object_component id="oc-720">
         <name>.text:Link</name>
         <load_address>0x10d66</load_address>
         <run_address>0x10d66</run_address>
         <size>0x118</size>
         <input_file_ref idref="fl-9"/>
      </object_component>
      <object_component id="oc-8fc">
         <name>.text:CheckCollisionFull</name>
         <load_address>0x10e7e</load_address>
         <run_address>0x10e7e</run_address>
         <size>0x108</size>
         <input_file_ref idref="fl-8"/>
      </object_component>
      <object_component id="oc-729">
         <name>.text:Unlink</name>
         <load_address>0x10f86</load_address>
         <run_address>0x10f86</run_address>
         <size>0xf8</size>
         <input_file_ref idref="fl-9"/>
      </object_component>
      <object_component id="oc-7a4">
         <name>.text:Serve</name>
         <load_address>0x1107e</load_address>
         <run_address>0x1107e</run_address>
         <size>0xd4</size>
         <input_file_ref idref="fl-8"/>
      </object_component>
      <object_component id="oc-5d0">
         <name>.text:List_LinkItem</name>
         <load_address>0x11152</load_address>
         <run_address>0x11152</run_address>
         <size>0xbe</size>
         <input_file_ref idref="fl-9"/>
      </object_component>
      <object_component id="oc-4b0">
         <name>.text:SystemTick</name>
         <load_address>0x11210</load_address>
         <run_address>0x11210</run_address>
         <size>0xb8</size>
         <input_file_ref idref="fl-e"/>
      </object_component>
      <object_component id="oc-823">
         <name>.text</name>
         <load_address>0x112c8</load_address>
         <run_address>0x112c8</run_address>
         <size>0xb8</size>
         <input_file_ref idref="fl-36"/>
      </object_component>
      <object_component id="oc-6e7">
         <name>.text:Buffer_HexN</name>
         <load_address>0x11380</load_address>
         <run_address>0x11380</run_address>
         <size>0xb4</size>
         <input_file_ref idref="fl-4"/>
      </object_component>
      <object_component id="oc-66e">
         <name>.text:Game_DrawRect</name>
         <load_address>0x11434</load_address>
         <run_address>0x11434</run_address>
         <size>0xb0</size>
         <input_file_ref idref="fl-5"/>
      </object_component>
      <object_component id="oc-5b2">
         <name>.text:List_Link</name>
         <load_address>0x114e4</load_address>
         <run_address>0x114e4</run_address>
         <size>0xa8</size>
         <input_file_ref idref="fl-9"/>
      </object_component>
      <object_component id="oc-840">
         <name>.text:FindUnusedLink</name>
         <load_address>0x1158c</load_address>
         <run_address>0x1158c</run_address>
         <size>0x9e</size>
         <input_file_ref idref="fl-9"/>
      </object_component>
      <object_component id="oc-491">
         <name>.text:UART_Init</name>
         <load_address>0x1162a</load_address>
         <run_address>0x1162a</run_address>
         <size>0x9e</size>
         <input_file_ref idref="fl-11"/>
      </object_component>
      <object_component id="oc-711">
         <name>.text:Buffer_Float</name>
         <load_address>0x116c8</load_address>
         <run_address>0x116c8</run_address>
         <size>0x9c</size>
         <input_file_ref idref="fl-4"/>
      </object_component>
      <object_component id="oc-8f3">
         <name>.text:UART_UnregisterReceiver</name>
         <load_address>0x11764</load_address>
         <run_address>0x11764</run_address>
         <size>0x9c</size>
         <input_file_ref idref="fl-11"/>
      </object_component>
      <object_component id="oc-44f">
         <name>.text:Buffer_Enqueue</name>
         <load_address>0x11800</load_address>
         <run_address>0x11800</run_address>
         <size>0x90</size>
         <input_file_ref idref="fl-3"/>
      </object_component>
      <object_component id="oc-535">
         <name>.text:List_Init</name>
         <load_address>0x11890</load_address>
         <run_address>0x11890</run_address>
         <size>0x8c</size>
         <input_file_ref idref="fl-9"/>
      </object_component>
      <object_component id="oc-86a">
         <name>.text:Task_Remove</name>
         <load_address>0x1191c</load_address>
         <run_address>0x1191c</run_address>
         <size>0x8c</size>
         <input_file_ref idref="fl-e"/>
      </object_component>
      <object_component id="oc-70b">
         <name>.text:__mspabi_cvtdf</name>
         <load_address>0x119a8</load_address>
         <run_address>0x119a8</run_address>
         <size>0x8c</size>
         <input_file_ref idref="fl-61"/>
      </object_component>
      <object_component id="oc-92a">
         <name>.text:Receiver</name>
         <load_address>0x11a34</load_address>
         <run_address>0x11a34</run_address>
         <size>0x80</size>
         <input_file_ref idref="fl-d"/>
      </object_component>
      <object_component id="oc-6a1">
         <name>.text:ShowScore</name>
         <load_address>0x11ab4</load_address>
         <run_address>0x11ab4</run_address>
         <size>0x80</size>
         <input_file_ref idref="fl-8"/>
      </object_component>
      <object_component id="oc-828">
         <name>.text</name>
         <load_address>0x11b34</load_address>
         <run_address>0x11b34</run_address>
         <size>0x7e</size>
         <input_file_ref idref="fl-38"/>
      </object_component>
      <object_component id="oc-7de">
         <name>.text:Subsystem_Init</name>
         <load_address>0x11bb2</load_address>
         <run_address>0x11bb2</run_address>
         <size>0x7c</size>
         <input_file_ref idref="fl-d"/>
      </object_component>
      <object_component id="oc-69b">
         <name>.text:UpdateGlasses</name>
         <load_address>0x11c2e</load_address>
         <run_address>0x11c2e</run_address>
         <size>0x7a</size>
         <input_file_ref idref="fl-8"/>
      </object_component>
      <object_component id="oc-485">
         <name>.text:SetClk24MHz</name>
         <load_address>0x11ca8</load_address>
         <run_address>0x11ca8</run_address>
         <size>0x78</size>
         <input_file_ref idref="fl-a"/>
      </object_component>
      <object_component id="oc-6d">
         <name>.text:decompress:lzss:__TI_decompress_lzss</name>
         <load_address>0x11d20</load_address>
         <run_address>0x11d20</run_address>
         <size>0x76</size>
         <input_file_ref idref="fl-60"/>
      </object_component>
      <object_component id="oc-8b3">
         <name>.text:CheckCollisionPatron</name>
         <load_address>0x11d96</load_address>
         <run_address>0x11d96</run_address>
         <size>0x70</size>
         <input_file_ref idref="fl-8"/>
      </object_component>
      <object_component id="oc-48b">
         <name>.text:Task_Init</name>
         <load_address>0x11e06</load_address>
         <run_address>0x11e06</run_address>
         <size>0x70</size>
         <input_file_ref idref="fl-e"/>
      </object_component>
      <object_component id="oc-912">
         <name>.text:Return</name>
         <load_address>0x11e76</load_address>
         <run_address>0x11e76</run_address>
         <size>0x6e</size>
         <input_file_ref idref="fl-8"/>
      </object_component>
      <object_component id="oc-81e">
         <name>.text</name>
         <load_address>0x11ee4</load_address>
         <run_address>0x11ee4</run_address>
         <size>0x68</size>
         <input_file_ref idref="fl-37"/>
      </object_component>
      <object_component id="oc-730">
         <name>.text:FindLinkByItem</name>
         <load_address>0x11f4c</load_address>
         <run_address>0x11f4c</run_address>
         <size>0x64</size>
         <input_file_ref idref="fl-9"/>
      </object_component>
      <object_component id="oc-6f3">
         <name>.text:Buffer_uint32</name>
         <load_address>0x11fb0</load_address>
         <run_address>0x11fb0</run_address>
         <size>0x62</size>
         <input_file_ref idref="fl-4"/>
      </object_component>
      <object_component id="oc-7b2">
         <name>.text:Cursor</name>
         <load_address>0x12012</load_address>
         <run_address>0x12012</run_address>
         <size>0x5a</size>
         <input_file_ref idref="fl-5"/>
      </object_component>
      <object_component id="oc-589">
         <name>.text:Game_Register</name>
         <load_address>0x1206c</load_address>
         <run_address>0x1206c</run_address>
         <size>0x5a</size>
         <input_file_ref idref="fl-5"/>
      </object_component>
      <object_component id="oc-689">
         <name>.text:Receiver</name>
         <load_address>0x120c6</load_address>
         <run_address>0x120c6</run_address>
         <size>0x5a</size>
         <input_file_ref idref="fl-8"/>
      </object_component>
      <object_component id="oc-948">
         <name>.text:Subsystem_Write</name>
         <load_address>0x12120</load_address>
         <run_address>0x12120</run_address>
         <size>0x5a</size>
         <input_file_ref idref="fl-d"/>
      </object_component>
      <object_component id="oc-592">
         <name>.text:Callback</name>
         <load_address>0x1217a</load_address>
         <run_address>0x1217a</run_address>
         <size>0x58</size>
         <input_file_ref idref="fl-8"/>
      </object_component>
      <object_component id="oc-64a">
         <name>.text</name>
         <load_address>0x121d2</load_address>
         <run_address>0x121d2</run_address>
         <size>0x58</size>
         <input_file_ref idref="fl-35"/>
      </object_component>
      <object_component id="oc-5ab">
         <name>.text:UART_Tx_Start</name>
         <load_address>0x1222a</load_address>
         <run_address>0x1222a</run_address>
         <size>0x56</size>
         <input_file_ref idref="fl-11"/>
      </object_component>
      <object_component id="oc-63c">
         <name>.text:List_AddIndirect</name>
         <load_address>0x12280</load_address>
         <run_address>0x12280</run_address>
         <size>0x54</size>
         <input_file_ref idref="fl-9"/>
      </object_component>
      <object_component id="oc-4db">
         <name>.text:__TI_auto_init_nobinit_nopinit_hold_wdt:__TI_auto_init_nobinit_nopinit_hold_wdt</name>
         <load_address>0x122d4</load_address>
         <run_address>0x122d4</run_address>
         <size>0x54</size>
         <input_file_ref idref="fl-58"/>
      </object_component>
      <object_component id="oc-6f9">
         <name>.text:Buffer_uint16</name>
         <load_address>0x12328</load_address>
         <run_address>0x12328</run_address>
         <size>0x52</size>
         <input_file_ref idref="fl-4"/>
      </object_component>
      <object_component id="oc-8ea">
         <name>.text:MoveRightGlass</name>
         <load_address>0x1237a</load_address>
         <run_address>0x1237a</run_address>
         <size>0x50</size>
         <input_file_ref idref="fl-8"/>
      </object_component>
      <object_component id="oc-79e">
         <name>.text:GameOver</name>
         <load_address>0x123ca</load_address>
         <run_address>0x123ca</run_address>
         <size>0x4e</size>
         <input_file_ref idref="fl-8"/>
      </object_component>
      <object_component id="oc-884">
         <name>.text:MoveLeftGlass</name>
         <load_address>0x12418</load_address>
         <run_address>0x12418</run_address>
         <size>0x4e</size>
         <input_file_ref idref="fl-8"/>
      </object_component>
      <object_component id="oc-522">
         <name>.text:SetVcoreUp</name>
         <load_address>0x12466</load_address>
         <run_address>0x12466</run_address>
         <size>0x4e</size>
         <input_file_ref idref="fl-a"/>
      </object_component>
      <object_component id="oc-3f6">
         <name>.text:UART_Tx_Handler</name>
         <load_address>0x124b4</load_address>
         <run_address>0x124b4</run_address>
         <size>0x4e</size>
         <input_file_ref idref="fl-11"/>
      </object_component>
      <object_component id="oc-6cd">
         <name>.text:Game_Log</name>
         <load_address>0x12502</load_address>
         <run_address>0x12502</run_address>
         <size>0x4c</size>
         <input_file_ref idref="fl-5"/>
      </object_component>
      <object_component id="oc-8c2">
         <name>.text:Subsystem_SystemInit</name>
         <load_address>0x1254e</load_address>
         <run_address>0x1254e</run_address>
         <size>0x4c</size>
         <input_file_ref idref="fl-d"/>
      </object_component>
      <object_component id="oc-55a">
         <name>.text:Task_Schedule</name>
         <load_address>0x1259a</load_address>
         <run_address>0x1259a</run_address>
         <size>0x4a</size>
         <input_file_ref idref="fl-e"/>
      </object_component>
      <object_component id="oc-798">
         <name>.text:MoveDown</name>
         <load_address>0x125e4</load_address>
         <run_address>0x125e4</run_address>
         <size>0x46</size>
         <input_file_ref idref="fl-8"/>
      </object_component>
      <object_component id="oc-40b">
         <name>.text:main</name>
         <load_address>0x1262a</load_address>
         <run_address>0x1262a</run_address>
         <size>0x46</size>
         <input_file_ref idref="fl-a"/>
      </object_component>
      <object_component id="oc-7fa">
         <name>.text:Log_Header</name>
         <load_address>0x12670</load_address>
         <run_address>0x12670</run_address>
         <size>0x44</size>
         <input_file_ref idref="fl-d"/>
      </object_component>
      <object_component id="oc-554">
         <name>.text:RollTimer</name>
         <load_address>0x126b4</load_address>
         <run_address>0x126b4</run_address>
         <size>0x44</size>
         <input_file_ref idref="fl-e"/>
      </object_component>
      <object_component id="oc-7ab">
         <name>.text:UART_RegisterReceiver</name>
         <load_address>0x126f8</load_address>
         <run_address>0x126f8</run_address>
         <size>0x44</size>
         <input_file_ref idref="fl-11"/>
      </object_component>
      <object_component id="oc-8ab">
         <name>.text:rand</name>
         <load_address>0x1273c</load_address>
         <run_address>0x1273c</run_address>
         <size>0x40</size>
         <input_file_ref idref="fl-66"/>
      </object_component>
      <object_component id="oc-463">
         <name>.text:Buffer_Dequeue</name>
         <load_address>0x1277c</load_address>
         <run_address>0x1277c</run_address>
         <size>0x3e</size>
         <input_file_ref idref="fl-3"/>
      </object_component>
      <object_component id="oc-7c3">
         <name>.text:MoveRightPatron</name>
         <load_address>0x127ba</load_address>
         <run_address>0x127ba</run_address>
         <size>0x3e</size>
         <input_file_ref idref="fl-8"/>
      </object_component>
      <object_component id="oc-847">
         <name>.text:TimeSince</name>
         <load_address>0x127f8</load_address>
         <run_address>0x127f8</run_address>
         <size>0x3e</size>
         <input_file_ref idref="fl-10"/>
      </object_component>
      <object_component id="oc-3ea">
         <name>.text:UART_Rx_Handler</name>
         <load_address>0x12836</load_address>
         <run_address>0x12836</run_address>
         <size>0x3e</size>
         <input_file_ref idref="fl-11"/>
      </object_component>
      <object_component id="oc-817">
         <name>.text:l_lsl_const</name>
         <load_address>0x12874</load_address>
         <run_address>0x12874</run_address>
         <size>0x3e</size>
         <input_file_ref idref="fl-68"/>
      </object_component>
      <object_component id="oc-64f">
         <name>.text:l_lsr_const</name>
         <load_address>0x128b2</load_address>
         <run_address>0x128b2</run_address>
         <size>0x3e</size>
         <input_file_ref idref="fl-4f"/>
      </object_component>
      <object_component id="oc-6af">
         <name>.text:Game_Printf</name>
         <load_address>0x128f0</load_address>
         <run_address>0x128f0</run_address>
         <size>0x3c</size>
         <input_file_ref idref="fl-5"/>
      </object_component>
      <object_component id="oc-792">
         <name>.text:MoveUp</name>
         <load_address>0x1292c</load_address>
         <run_address>0x1292c</run_address>
         <size>0x3a</size>
         <input_file_ref idref="fl-8"/>
      </object_component>
      <object_component id="oc-7b8">
         <name>.text:random_int</name>
         <load_address>0x12966</load_address>
         <run_address>0x12966</run_address>
         <size>0x3a</size>
         <input_file_ref idref="fl-b"/>
      </object_component>
      <object_component id="oc-683">
         <name>.text:Game_CharXY</name>
         <load_address>0x129a0</load_address>
         <run_address>0x129a0</run_address>
         <size>0x36</size>
         <input_file_ref idref="fl-5"/>
      </object_component>
      <object_component id="oc-931">
         <name>.text:CheckCollisionEmpty</name>
         <load_address>0x129d6</load_address>
         <run_address>0x129d6</run_address>
         <size>0x34</size>
         <input_file_ref idref="fl-8"/>
      </object_component>
      <object_component id="oc-6b6">
         <name>.text:Game_Init</name>
         <load_address>0x12a0a</load_address>
         <run_address>0x12a0a</run_address>
         <size>0x34</size>
         <input_file_ref idref="fl-5"/>
      </object_component>
      <object_component id="oc-765">
         <name>.text:GetUnusedLink</name>
         <load_address>0x12a3e</load_address>
         <run_address>0x12a3e</run_address>
         <size>0x34</size>
         <input_file_ref idref="fl-9"/>
      </object_component>
      <object_component id="oc-78b">
         <name>.text:Terminal_CharXY</name>
         <load_address>0x12a72</load_address>
         <run_address>0x12a72</run_address>
         <size>0x32</size>
         <input_file_ref idref="fl-f"/>
      </object_component>
      <object_component id="oc-4aa">
         <name>.text:UART_printf</name>
         <load_address>0x12aa4</load_address>
         <run_address>0x12aa4</run_address>
         <size>0x32</size>
         <input_file_ref idref="fl-11"/>
      </object_component>
      <object_component id="oc-7d1">
         <name>.text:UART_vprintf</name>
         <load_address>0x12ad6</load_address>
         <run_address>0x12ad6</run_address>
         <size>0x2e</size>
         <input_file_ref idref="fl-11"/>
      </object_component>
      <object_component id="oc-6d3">
         <name>.text:strcasecmp</name>
         <load_address>0x12b04</load_address>
         <run_address>0x12b04</run_address>
         <size>0x2e</size>
         <input_file_ref idref="fl-c"/>
      </object_component>
      <object_component id="oc-8c9">
         <name>.text:Subsystem_GetName</name>
         <load_address>0x12b32</load_address>
         <run_address>0x12b32</run_address>
         <size>0x2c</size>
         <input_file_ref idref="fl-d"/>
      </object_component>
      <object_component id="oc-7be">
         <name>.text</name>
         <load_address>0x12b5e</load_address>
         <run_address>0x12b5e</run_address>
         <size>0x2c</size>
         <input_file_ref idref="fl-32"/>
      </object_component>
      <object_component id="oc-571">
         <name>.text:Buffer_Init</name>
         <load_address>0x12b8a</load_address>
         <run_address>0x12b8a</run_address>
         <size>0x2a</size>
         <input_file_ref idref="fl-3"/>
      </object_component>
      <object_component id="oc-6ed">
         <name>.text:Buffer_int32</name>
         <load_address>0x12bb4</load_address>
         <run_address>0x12bb4</run_address>
         <size>0x2a</size>
         <input_file_ref idref="fl-4"/>
      </object_component>
      <object_component id="oc-77a">
         <name>.text:Game_IsTransmitting</name>
         <load_address>0x12bde</load_address>
         <run_address>0x12bde</run_address>
         <size>0x2a</size>
         <input_file_ref idref="fl-5"/>
      </object_component>
      <object_component id="oc-94f">
         <name>.text:UART_WriteByte</name>
         <load_address>0x12c08</load_address>
         <run_address>0x12c08</run_address>
         <size>0x2a</size>
         <input_file_ref idref="fl-11"/>
      </object_component>
      <object_component id="oc-774">
         <name>.text:DelayMs</name>
         <load_address>0x12c32</load_address>
         <run_address>0x12c32</run_address>
         <size>0x28</size>
         <input_file_ref idref="fl-10"/>
      </object_component>
      <object_component id="oc-39e">
         <name>.text:decompress:ZI:__TI_zero_init</name>
         <load_address>0x12c5a</load_address>
         <run_address>0x12c5a</run_address>
         <size>0x24</size>
         <input_file_ref idref="fl-59"/>
      </object_component>
      <object_component id="oc-719">
         <name>.text:hal_UART_TxInterruptEnabled</name>
         <load_address>0x12c7e</load_address>
         <run_address>0x12c7e</run_address>
         <size>0x24</size>
         <input_file_ref idref="fl-6"/>
      </object_component>
      <object_component id="oc-90c">
         <name>.text</name>
         <load_address>0x12ca2</load_address>
         <run_address>0x12ca2</run_address>
         <size>0x24</size>
         <input_file_ref idref="fl-54"/>
      </object_component>
      <object_component id="oc-705">
         <name>.text:Buffer_int16</name>
         <load_address>0x12cc6</load_address>
         <run_address>0x12cc6</run_address>
         <size>0x22</size>
         <input_file_ref idref="fl-4"/>
      </object_component>
      <object_component id="oc-497">
         <name>.text:TapperGame_Init</name>
         <load_address>0x12ce8</load_address>
         <run_address>0x12ce8</run_address>
         <size>0x22</size>
         <input_file_ref idref="fl-8"/>
      </object_component>
      <object_component id="oc-5b8">
         <name>.text:List_GetFirst</name>
         <load_address>0x12d0a</load_address>
         <run_address>0x12d0a</run_address>
         <size>0x20</size>
         <input_file_ref idref="fl-9"/>
      </object_component>
      <object_component id="oc-45b">
         <name>.text:hal_UART_DataAvailable</name>
         <load_address>0x12d2a</load_address>
         <run_address>0x12d2a</run_address>
         <size>0x20</size>
         <input_file_ref idref="fl-6"/>
      </object_component>
      <object_component id="oc-46f">
         <name>.text:hal_UART_SpaceAvailable</name>
         <load_address>0x12d4a</load_address>
         <run_address>0x12d4a</run_address>
         <size>0x20</size>
         <input_file_ref idref="fl-6"/>
      </object_component>
      <object_component id="oc-5ca">
         <name>.text:List_Remove</name>
         <load_address>0x12d6a</load_address>
         <run_address>0x12d6a</run_address>
         <size>0x1e</size>
         <input_file_ref idref="fl-9"/>
      </object_component>
      <object_component id="oc-52a">
         <name>.text:Timing_Init</name>
         <load_address>0x12d88</load_address>
         <run_address>0x12d88</run_address>
         <size>0x1e</size>
         <input_file_ref idref="fl-10"/>
      </object_component>
      <object_component id="oc-84e">
         <name>.text:UART_IsTransmitting</name>
         <load_address>0x12da6</load_address>
         <run_address>0x12da6</run_address>
         <size>0x1e</size>
         <input_file_ref idref="fl-11"/>
      </object_component>
      <object_component id="oc-88c">
         <name>.text:Terminal_HideCursor</name>
         <load_address>0x12dc4</load_address>
         <run_address>0x12dc4</run_address>
         <size>0x1c</size>
         <input_file_ref idref="fl-f"/>
      </object_component>
      <object_component id="oc-89e">
         <name>.text:Terminal_ShowCursor</name>
         <load_address>0x12de0</load_address>
         <run_address>0x12de0</run_address>
         <size>0x1c</size>
         <input_file_ref idref="fl-f"/>
      </object_component>
      <object_component id="oc-449">
         <name>.text:hal_UART_RxByte</name>
         <load_address>0x12dfc</load_address>
         <run_address>0x12dfc</run_address>
         <size>0x1c</size>
         <input_file_ref idref="fl-6"/>
      </object_component>
      <object_component id="oc-6ff">
         <name>.text:Buffer_Str</name>
         <load_address>0x12e18</load_address>
         <run_address>0x12e18</run_address>
         <size>0x1a</size>
         <input_file_ref idref="fl-4"/>
      </object_component>
      <object_component id="oc-598">
         <name>.text:Game_RegisterCallback</name>
         <load_address>0x12e32</load_address>
         <run_address>0x12e32</run_address>
         <size>0x1a</size>
         <input_file_ref idref="fl-5"/>
      </object_component>
      <object_component id="oc-53b">
         <name>.text:SortTask</name>
         <load_address>0x12e4c</load_address>
         <run_address>0x12e4c</run_address>
         <size>0x1a</size>
         <input_file_ref idref="fl-e"/>
      </object_component>
      <object_component id="oc-62f">
         <name>.text:List_GetNext</name>
         <load_address>0x12e66</load_address>
         <run_address>0x12e66</run_address>
         <size>0x18</size>
         <input_file_ref idref="fl-9"/>
      </object_component>
      <object_component id="oc-616">
         <name>.text:hal_Timing_Init</name>
         <load_address>0x12e7e</load_address>
         <run_address>0x12e7e</run_address>
         <size>0x18</size>
         <input_file_ref idref="fl-10"/>
      </object_component>
      <object_component id="oc-441">
         <name>.text</name>
         <load_address>0x12e96</load_address>
         <run_address>0x12e96</run_address>
         <size>0x18</size>
         <input_file_ref idref="fl-51"/>
      </object_component>
      <object_component id="oc-940">
         <name>.text:Game_Bell</name>
         <load_address>0x12eae</load_address>
         <run_address>0x12eae</run_address>
         <size>0x16</size>
         <input_file_ref idref="fl-5"/>
      </object_component>
      <object_component id="oc-668">
         <name>.text:Game_ClearScreen</name>
         <load_address>0x12ec4</load_address>
         <run_address>0x12ec4</run_address>
         <size>0x16</size>
         <input_file_ref idref="fl-5"/>
      </object_component>
      <object_component id="oc-583">
         <name>.text:Help</name>
         <load_address>0x12eda</load_address>
         <run_address>0x12eda</run_address>
         <size>0x16</size>
         <input_file_ref idref="fl-8"/>
      </object_component>
      <object_component id="oc-800">
         <name>.text:LogStr</name>
         <load_address>0x12ef0</load_address>
         <run_address>0x12ef0</run_address>
         <size>0x16</size>
         <input_file_ref idref="fl-d"/>
      </object_component>
      <object_component id="oc-4a3">
         <name>.text:Terminal_ClearScreen</name>
         <load_address>0x12f06</load_address>
         <run_address>0x12f06</run_address>
         <size>0x16</size>
         <input_file_ref idref="fl-f"/>
      </object_component>
      <object_component id="oc-3f0">
         <name>.text:hal_UART_ClearRxIF</name>
         <load_address>0x12f1c</load_address>
         <run_address>0x12f1c</run_address>
         <size>0x16</size>
         <input_file_ref idref="fl-6"/>
      </object_component>
      <object_component id="oc-644">
         <name>.text:hal_UART_Disable</name>
         <load_address>0x12f32</load_address>
         <run_address>0x12f32</run_address>
         <size>0x16</size>
         <input_file_ref idref="fl-6"/>
      </object_component>
      <object_component id="oc-47b">
         <name>.text:hal_UART_DisableTxInterrupt</name>
         <load_address>0x12f48</load_address>
         <run_address>0x12f48</run_address>
         <size>0x16</size>
         <input_file_ref idref="fl-6"/>
      </object_component>
      <object_component id="oc-654">
         <name>.text:hal_UART_Enable</name>
         <load_address>0x12f5e</load_address>
         <run_address>0x12f5e</run_address>
         <size>0x16</size>
         <input_file_ref idref="fl-6"/>
      </object_component>
      <object_component id="oc-660">
         <name>.text:hal_UART_EnableRxInterrupt</name>
         <load_address>0x12f74</load_address>
         <run_address>0x12f74</run_address>
         <size>0x16</size>
         <input_file_ref idref="fl-6"/>
      </object_component>
      <object_component id="oc-65a">
         <name>.text:hal_UART_EnableTxInterrupt</name>
         <load_address>0x12f8a</load_address>
         <run_address>0x12f8a</run_address>
         <size>0x16</size>
         <input_file_ref idref="fl-6"/>
      </object_component>
      <object_component id="oc-469">
         <name>.text:hal_UART_TxByte</name>
         <load_address>0x12fa0</load_address>
         <run_address>0x12fa0</run_address>
         <size>0x16</size>
         <input_file_ref idref="fl-6"/>
      </object_component>
      <object_component id="oc-80f">
         <name>.text</name>
         <load_address>0x12fb6</load_address>
         <run_address>0x12fb6</run_address>
         <size>0x16</size>
         <input_file_ref idref="fl-33"/>
      </object_component>
      <object_component id="oc-8a5">
         <name>.text:srand</name>
         <load_address>0x12fcc</load_address>
         <run_address>0x12fcc</run_address>
         <size>0x16</size>
         <input_file_ref idref="fl-66"/>
      </object_component>
      <object_component id="oc-85e">
         <name>.text:DeleteEmpty</name>
         <load_address>0x12fe2</load_address>
         <run_address>0x12fe2</run_address>
         <size>0x14</size>
         <input_file_ref idref="fl-8"/>
      </object_component>
      <object_component id="oc-858">
         <name>.text:DeleteFull</name>
         <load_address>0x12ff6</load_address>
         <run_address>0x12ff6</run_address>
         <size>0x14</size>
         <input_file_ref idref="fl-8"/>
      </object_component>
      <object_component id="oc-864">
         <name>.text:DeletePatron</name>
         <load_address>0x1300a</load_address>
         <run_address>0x1300a</run_address>
         <size>0x14</size>
         <input_file_ref idref="fl-8"/>
      </object_component>
      <object_component id="oc-635">
         <name>.text:Timing_Roll</name>
         <load_address>0x1301e</load_address>
         <run_address>0x1301e</run_address>
         <size>0x14</size>
         <input_file_ref idref="fl-10"/>
      </object_component>
      <object_component id="oc-37a">
         <name>.text:memcpy</name>
         <load_address>0x13032</load_address>
         <run_address>0x13032</run_address>
         <size>0x14</size>
         <input_file_ref idref="fl-65"/>
      </object_component>
      <object_component id="oc-73">
         <name>.text:decompress:none:__TI_decompress_none</name>
         <load_address>0x13046</load_address>
         <run_address>0x13046</run_address>
         <size>0x12</size>
         <input_file_ref idref="fl-5f"/>
      </object_component>
      <object_component id="oc-547">
         <name>.text:IdentifyTask</name>
         <load_address>0x13058</load_address>
         <run_address>0x13058</run_address>
         <size>0xe</size>
         <input_file_ref idref="fl-e"/>
      </object_component>
      <object_component id="oc-918">
         <name>.text:ScorePoint</name>
         <load_address>0x13066</load_address>
         <run_address>0x13066</run_address>
         <size>0xe</size>
         <input_file_ref idref="fl-8"/>
      </object_component>
      <object_component id="oc-5c4">
         <name>.text:List_UnlinkFirst</name>
         <load_address>0x13074</load_address>
         <run_address>0x13074</run_address>
         <size>0xc</size>
         <input_file_ref idref="fl-9"/>
      </object_component>
      <object_component id="oc-68f">
         <name>.text:Game_RegisterPlayer1Receiver</name>
         <load_address>0x13080</load_address>
         <run_address>0x13080</run_address>
         <size>0xa</size>
         <input_file_ref idref="fl-5"/>
      </object_component>
      <object_component id="oc-870">
         <name>.text:Game_UnregisterPlayer1Receiver</name>
         <load_address>0x1308a</load_address>
         <run_address>0x1308a</run_address>
         <size>0xa</size>
         <input_file_ref idref="fl-5"/>
      </object_component>
      <object_component id="oc-5be">
         <name>.text:TimeNow</name>
         <load_address>0x13094</load_address>
         <run_address>0x13094</run_address>
         <size>0xa</size>
         <input_file_ref idref="fl-10"/>
      </object_component>
      <object_component id="oc-455">
         <name>.text</name>
         <load_address>0x1309e</load_address>
         <run_address>0x1309e</run_address>
         <size>0xa</size>
         <input_file_ref idref="fl-4e"/>
      </object_component>
      <object_component id="oc-695">
         <name>.text:Game_HideCursor</name>
         <load_address>0x130a8</load_address>
         <run_address>0x130a8</run_address>
         <size>0x8</size>
         <input_file_ref idref="fl-5"/>
      </object_component>
      <object_component id="oc-876">
         <name>.text:Game_ShowCursor</name>
         <load_address>0x130b0</load_address>
         <run_address>0x130b0</run_address>
         <size>0x8</size>
         <input_file_ref idref="fl-5"/>
      </object_component>
      <object_component id="oc-892">
         <name>.text:Log_GetEcho</name>
         <load_address>0x130b8</load_address>
         <run_address>0x130b8</run_address>
         <size>0x8</size>
         <input_file_ref idref="fl-d"/>
      </object_component>
      <object_component id="oc-54d">
         <name>.text:List_SetIdentifyFunction</name>
         <load_address>0x130c0</load_address>
         <run_address>0x130c0</run_address>
         <size>0x6</size>
         <input_file_ref idref="fl-9"/>
      </object_component>
      <object_component id="oc-541">
         <name>.text:List_SetSortFunction</name>
         <load_address>0x130c6</load_address>
         <run_address>0x130c6</run_address>
         <size>0x6</size>
         <input_file_ref idref="fl-9"/>
      </object_component>
      <object_component id="oc-898">
         <name>.text:Log_EchoOff</name>
         <load_address>0x130cc</load_address>
         <run_address>0x130cc</run_address>
         <size>0x6</size>
         <input_file_ref idref="fl-d"/>
      </object_component>
      <object_component id="oc-49d">
         <name>.text:Log_EchoOn</name>
         <load_address>0x130d2</load_address>
         <run_address>0x130d2</run_address>
         <size>0x6</size>
         <input_file_ref idref="fl-d"/>
      </object_component>
      <object_component id="oc-4b7">
         <name>.text:abort</name>
         <load_address>0x130d8</load_address>
         <run_address>0x130d8</run_address>
         <size>0x6</size>
         <input_file_ref idref="fl-62"/>
      </object_component>
      <object_component id="oc-475">
         <name>.text:Buffer_GetSize</name>
         <load_address>0x130de</load_address>
         <run_address>0x130de</run_address>
         <size>0x4</size>
         <input_file_ref idref="fl-3"/>
      </object_component>
      <object_component id="oc-8bb">
         <name>.text:Play</name>
         <load_address>0x130e2</load_address>
         <run_address>0x130e2</run_address>
         <size>0x4</size>
         <input_file_ref idref="fl-5"/>
      </object_component>
      <object_component id="oc-405">
         <name>.text:_system_pre_init</name>
         <load_address>0x130e6</load_address>
         <run_address>0x130e6</run_address>
         <size>0x4</size>
         <input_file_ref idref="fl-5d"/>
      </object_component>
      <object_component id="oc-87c">
         <name>.text:Game_GameOver</name>
         <load_address>0x130ea</load_address>
         <run_address>0x130ea</run_address>
         <size>0x2</size>
         <input_file_ref idref="fl-5"/>
      </object_component>
      <object_component id="oc-73a">
         <name>.text:_nop</name>
         <load_address>0x130ec</load_address>
         <run_address>0x130ec</run_address>
         <size>0x2</size>
         <input_file_ref idref="fl-63"/>
      </object_component>
      <object_component id="oc-5e9">
         <name>.text:_system_post_cinit</name>
         <load_address>0x130ee</load_address>
         <run_address>0x130ee</run_address>
         <size>0x2</size>
         <input_file_ref idref="fl-5e"/>
      </object_component>
      <object_component id="oc-3aa">
         <name>.text:_isr:_c_int00_noargs</name>
         <load_address>0x4400</load_address>
         <run_address>0x4400</run_address>
         <size>0x1c</size>
         <input_file_ref idref="fl-57"/>
      </object_component>
      <object_component id="oc-392">
         <name>.text:_isr:_UART0_ISR</name>
         <load_address>0x441c</load_address>
         <run_address>0x441c</run_address>
         <size>0x18</size>
         <input_file_ref idref="fl-6"/>
      </object_component>
      <object_component id="oc-38c">
         <name>.text:_isr:TIMER0_A0_ISR</name>
         <load_address>0x4434</load_address>
         <run_address>0x4434</run_address>
         <size>0xe</size>
         <input_file_ref idref="fl-10"/>
      </object_component>
      <object_component id="oc-387">
         <name>.text:_isr:__TI_ISR_TRAP</name>
         <load_address>0x4442</load_address>
         <run_address>0x4442</run_address>
         <size>0x8</size>
         <input_file_ref idref="fl-4d"/>
      </object_component>
      <object_component id="oc-9d8">
         <name>.cinit..data.load</name>
         <load_address>0x4898</load_address>
         <run_address>0x4898</run_address>
         <size>0x25</size>
      </object_component>
      <object_component id="oc-9d5">
         <name>__TI_handler_table</name>
         <load_address>0x48be</load_address>
         <run_address>0x48be</run_address>
         <size>0xc</size>
      </object_component>
      <object_component id="oc-9d7">
         <name>.cinit..bss.load</name>
         <load_address>0x48ca</load_address>
         <run_address>0x48ca</run_address>
         <size>0x6</size>
      </object_component>
      <object_component id="oc-9d6">
         <name>__TI_cinit_table</name>
         <load_address>0x48d0</load_address>
         <run_address>0x48d0</run_address>
         <size>0x10</size>
      </object_component>
      <object_component id="oc-57c">
         <name>.const:.string</name>
         <load_address>0x444a</load_address>
         <run_address>0x444a</run_address>
         <size>0x12e</size>
         <input_file_ref idref="fl-8"/>
      </object_component>
      <object_component id="oc-772">
         <name>.const:.string</name>
         <load_address>0x4578</load_address>
         <run_address>0x4578</run_address>
         <size>0x116</size>
         <input_file_ref idref="fl-5"/>
      </object_component>
      <object_component id="oc-807">
         <name>.const:.string:charmap</name>
         <load_address>0x468e</load_address>
         <run_address>0x468e</run_address>
         <size>0x100</size>
         <input_file_ref idref="fl-c"/>
      </object_component>
      <object_component id="oc-8cf">
         <name>.const:.string</name>
         <load_address>0x478e</load_address>
         <run_address>0x478e</run_address>
         <size>0xc4</size>
         <input_file_ref idref="fl-d"/>
      </object_component>
      <object_component id="oc-5a3">
         <name>.const:.string</name>
         <load_address>0x4852</load_address>
         <run_address>0x4852</run_address>
         <size>0x30</size>
         <input_file_ref idref="fl-f"/>
      </object_component>
      <object_component id="oc-4a9">
         <name>.const:.string</name>
         <load_address>0x4882</load_address>
         <run_address>0x4882</run_address>
         <size>0x16</size>
         <input_file_ref idref="fl-a"/>
      </object_component>
      <object_component id="oc-967">
         <name>.binit</name>
         <load_address>0x4400</load_address>
         <run_address>0x4400</run_address>
         <size>0x0</size>
      </object_component>
      <object_component id="oc-79">
         <name>.int41</name>
         <load_address>0xffd2</load_address>
         <run_address>0xffd2</run_address>
         <size>0x2</size>
         <input_file_ref idref="fl-39"/>
      </object_component>
      <object_component id="oc-7a">
         <name>.int42</name>
         <load_address>0xffd4</load_address>
         <run_address>0xffd4</run_address>
         <size>0x2</size>
         <input_file_ref idref="fl-3a"/>
      </object_component>
      <object_component id="oc-7b">
         <name>.int43</name>
         <load_address>0xffd6</load_address>
         <run_address>0xffd6</run_address>
         <size>0x2</size>
         <input_file_ref idref="fl-3b"/>
      </object_component>
      <object_component id="oc-7c">
         <name>.int44</name>
         <load_address>0xffd8</load_address>
         <run_address>0xffd8</run_address>
         <size>0x2</size>
         <input_file_ref idref="fl-3c"/>
      </object_component>
      <object_component id="oc-7d">
         <name>.int45</name>
         <load_address>0xffda</load_address>
         <run_address>0xffda</run_address>
         <size>0x2</size>
         <input_file_ref idref="fl-3d"/>
      </object_component>
      <object_component id="oc-7e">
         <name>.int46</name>
         <load_address>0xffdc</load_address>
         <run_address>0xffdc</run_address>
         <size>0x2</size>
         <input_file_ref idref="fl-3e"/>
      </object_component>
      <object_component id="oc-7f">
         <name>.int47</name>
         <load_address>0xffde</load_address>
         <run_address>0xffde</run_address>
         <size>0x2</size>
         <input_file_ref idref="fl-3f"/>
      </object_component>
      <object_component id="oc-80">
         <name>.int48</name>
         <load_address>0xffe0</load_address>
         <run_address>0xffe0</run_address>
         <size>0x2</size>
         <input_file_ref idref="fl-40"/>
      </object_component>
      <object_component id="oc-81">
         <name>.int49</name>
         <load_address>0xffe2</load_address>
         <run_address>0xffe2</run_address>
         <size>0x2</size>
         <input_file_ref idref="fl-41"/>
      </object_component>
      <object_component id="oc-82">
         <name>.int50</name>
         <load_address>0xffe4</load_address>
         <run_address>0xffe4</run_address>
         <size>0x2</size>
         <input_file_ref idref="fl-42"/>
      </object_component>
      <object_component id="oc-83">
         <name>.int51</name>
         <load_address>0xffe6</load_address>
         <run_address>0xffe6</run_address>
         <size>0x2</size>
         <input_file_ref idref="fl-43"/>
      </object_component>
      <object_component id="oc-84">
         <name>.int52</name>
         <load_address>0xffe8</load_address>
         <run_address>0xffe8</run_address>
         <size>0x2</size>
         <input_file_ref idref="fl-44"/>
      </object_component>
      <object_component id="oc-85">
         <name>.int53</name>
         <load_address>0xffea</load_address>
         <run_address>0xffea</run_address>
         <size>0x2</size>
         <input_file_ref idref="fl-10"/>
      </object_component>
      <object_component id="oc-86">
         <name>.int54</name>
         <load_address>0xffec</load_address>
         <run_address>0xffec</run_address>
         <size>0x2</size>
         <input_file_ref idref="fl-45"/>
      </object_component>
      <object_component id="oc-87">
         <name>.int55</name>
         <load_address>0xffee</load_address>
         <run_address>0xffee</run_address>
         <size>0x2</size>
         <input_file_ref idref="fl-46"/>
      </object_component>
      <object_component id="oc-88">
         <name>.int56</name>
         <load_address>0xfff0</load_address>
         <run_address>0xfff0</run_address>
         <size>0x2</size>
         <input_file_ref idref="fl-6"/>
      </object_component>
      <object_component id="oc-89">
         <name>.int57</name>
         <load_address>0xfff2</load_address>
         <run_address>0xfff2</run_address>
         <size>0x2</size>
         <input_file_ref idref="fl-47"/>
      </object_component>
      <object_component id="oc-8a">
         <name>.int58</name>
         <load_address>0xfff4</load_address>
         <run_address>0xfff4</run_address>
         <size>0x2</size>
         <input_file_ref idref="fl-48"/>
      </object_component>
      <object_component id="oc-8b">
         <name>.int59</name>
         <load_address>0xfff6</load_address>
         <run_address>0xfff6</run_address>
         <size>0x2</size>
         <input_file_ref idref="fl-49"/>
      </object_component>
      <object_component id="oc-8c">
         <name>.int60</name>
         <load_address>0xfff8</load_address>
         <run_address>0xfff8</run_address>
         <size>0x2</size>
         <input_file_ref idref="fl-4a"/>
      </object_component>
      <object_component id="oc-8d">
         <name>.int61</name>
         <load_address>0xfffa</load_address>
         <run_address>0xfffa</run_address>
         <size>0x2</size>
         <input_file_ref idref="fl-4b"/>
      </object_component>
      <object_component id="oc-8e">
         <name>.int62</name>
         <load_address>0xfffc</load_address>
         <run_address>0xfffc</run_address>
         <size>0x2</size>
         <input_file_ref idref="fl-4c"/>
      </object_component>
      <object_component id="oc-36e">
         <name>.reset</name>
         <load_address>0xfffe</load_address>
         <run_address>0xfffe</run_address>
         <size>0x2</size>
         <input_file_ref idref="fl-57"/>
      </object_component>
      <object_component id="oc-4f6">
         <name>.debug_info</name>
         <load_address>0x0</load_address>
         <run_address>0x0</run_address>
         <size>0x3da</size>
         <input_file_ref idref="fl-2"/>
      </object_component>
      <object_component id="oc-43c">
         <name>.debug_info</name>
         <load_address>0x3da</load_address>
         <run_address>0x3da</run_address>
         <size>0x26b</size>
         <input_file_ref idref="fl-2"/>
      </object_component>
      <object_component id="oc-432">
         <name>.debug_info</name>
         <load_address>0x645</load_address>
         <run_address>0x645</run_address>
         <size>0x757</size>
         <input_file_ref idref="fl-2"/>
      </object_component>
      <object_component id="oc-6dd">
         <name>.debug_info</name>
         <load_address>0xd9c</load_address>
         <run_address>0xd9c</run_address>
         <size>0xb1</size>
         <input_file_ref idref="fl-2"/>
      </object_component>
      <object_component id="oc-375">
         <name>.debug_info</name>
         <load_address>0xe4d</load_address>
         <run_address>0xe4d</run_address>
         <size>0x84</size>
         <input_file_ref idref="fl-2"/>
      </object_component>
      <object_component id="oc-513">
         <name>.debug_info</name>
         <load_address>0xed1</load_address>
         <run_address>0xed1</run_address>
         <size>0x39</size>
         <input_file_ref idref="fl-2"/>
      </object_component>
      <object_component id="oc-4f7">
         <name>.debug_info</name>
         <load_address>0xf0a</load_address>
         <run_address>0xf0a</run_address>
         <size>0x275</size>
         <input_file_ref idref="fl-2"/>
      </object_component>
      <object_component id="oc-437">
         <name>.debug_info</name>
         <load_address>0x117f</load_address>
         <run_address>0x117f</run_address>
         <size>0xbb</size>
         <input_file_ref idref="fl-2"/>
      </object_component>
      <object_component id="oc-60c">
         <name>.debug_info</name>
         <load_address>0x123a</load_address>
         <run_address>0x123a</run_address>
         <size>0x7d</size>
         <input_file_ref idref="fl-2"/>
      </object_component>
      <object_component id="oc-51a">
         <name>.debug_info</name>
         <load_address>0x12b7</load_address>
         <run_address>0x12b7</run_address>
         <size>0x2fe</size>
         <input_file_ref idref="fl-3"/>
      </object_component>
      <object_component id="oc-573">
         <name>.debug_info</name>
         <load_address>0x15b5</load_address>
         <run_address>0x15b5</run_address>
         <size>0x286</size>
         <input_file_ref idref="fl-3"/>
      </object_component>
      <object_component id="oc-476">
         <name>.debug_info</name>
         <load_address>0x183b</load_address>
         <run_address>0x183b</run_address>
         <size>0x224</size>
         <input_file_ref idref="fl-3"/>
      </object_component>
      <object_component id="oc-450">
         <name>.debug_info</name>
         <load_address>0x1a5f</load_address>
         <run_address>0x1a5f</run_address>
         <size>0x280</size>
         <input_file_ref idref="fl-3"/>
      </object_component>
      <object_component id="oc-464">
         <name>.debug_info</name>
         <load_address>0x1cdf</load_address>
         <run_address>0x1cdf</run_address>
         <size>0x24a</size>
         <input_file_ref idref="fl-3"/>
      </object_component>
      <object_component id="oc-4ff">
         <name>.debug_info</name>
         <load_address>0x1f29</load_address>
         <run_address>0x1f29</run_address>
         <size>0xd6</size>
         <input_file_ref idref="fl-3"/>
      </object_component>
      <object_component id="oc-3de">
         <name>.debug_info</name>
         <load_address>0x1fff</load_address>
         <run_address>0x1fff</run_address>
         <size>0x2c</size>
         <input_file_ref idref="fl-3"/>
      </object_component>
      <object_component id="oc-718">
         <name>.debug_info</name>
         <load_address>0x202b</load_address>
         <run_address>0x202b</run_address>
         <size>0x2c9</size>
         <input_file_ref idref="fl-4"/>
      </object_component>
      <object_component id="oc-6e8">
         <name>.debug_info</name>
         <load_address>0x22f4</load_address>
         <run_address>0x22f4</run_address>
         <size>0x2a0</size>
         <input_file_ref idref="fl-4"/>
      </object_component>
      <object_component id="oc-6f4">
         <name>.debug_info</name>
         <load_address>0x2594</load_address>
         <run_address>0x2594</run_address>
         <size>0x2a1</size>
         <input_file_ref idref="fl-4"/>
      </object_component>
      <object_component id="oc-6ee">
         <name>.debug_info</name>
         <load_address>0x2835</load_address>
         <run_address>0x2835</run_address>
         <size>0x26e</size>
         <input_file_ref idref="fl-4"/>
      </object_component>
      <object_component id="oc-6fa">
         <name>.debug_info</name>
         <load_address>0x2aa3</load_address>
         <run_address>0x2aa3</run_address>
         <size>0x295</size>
         <input_file_ref idref="fl-4"/>
      </object_component>
      <object_component id="oc-700">
         <name>.debug_info</name>
         <load_address>0x2d38</load_address>
         <run_address>0x2d38</run_address>
         <size>0x254</size>
         <input_file_ref idref="fl-4"/>
      </object_component>
      <object_component id="oc-706">
[...]
         <value>0x12670</value>
         <object_component_ref idref="oc-7fa"/>
      </symbol>
      <symbol id="sm-890">
         <name>Log_EchoOn</name>
         <value>0x130d2</value>
         <object_component_ref idref="oc-49d"/>
      </symbol>
      <symbol id="sm-891">
         <name>Log_EchoOff</name>
         <value>0x130cc</value>
         <object_component_ref idref="oc-898"/>
      </symbol>
      <symbol id="sm-892">
         <name>Subsystem_Init</name>
         <value>0x11bb2</value>
         <object_component_ref idref="oc-7de"/>
      </symbol>
      <symbol id="sm-893">
         <name>Log_GetEcho</name>
         <value>0x130b8</value>
         <object_component_ref idref="oc-892"/>
      </symbol>
      <symbol id="sm-894">
         <name>Subsystem_Write</name>
         <value>0x12120</value>
         <object_component_ref idref="oc-948"/>
      </symbol>
      <symbol id="sm-895">
         <name>LogStr</name>
         <value>0x12ef0</value>
         <object_component_ref idref="oc-800"/>
      </symbol>
      <symbol id="sm-896">
         <name>Subsystem_GetName</name>
         <value>0x12b32</value>
         <object_component_ref idref="oc-8c9"/>
      </symbol>
      <symbol id="sm-8f3">
         <name>task_list_array</name>
         <value>0x2c00</value>
      </symbol>
      <symbol id="sm-8f4">
         <name>task_list_links</name>
         <value>0x322c</value>
      </symbol>
      <symbol id="sm-8f5">
         <name>task_list</name>
         <value>0x3556</value>
      </symbol>
      <symbol id="sm-8f6">
         <name>idle_task</name>
         <value>0x3660</value>
      </symbol>
      <symbol id="sm-8f7">
         <name>Task_Remove</name>
         <value>0x1191c</value>
         <object_component_ref idref="oc-86a"/>
      </symbol>
      <symbol id="sm-8f8">
         <name>SystemTick</name>
         <value>0x11210</value>
         <object_component_ref idref="oc-4b0"/>
      </symbol>
      <symbol id="sm-8f9">
         <name>Task_Schedule</name>
         <value>0x1259a</value>
         <object_component_ref idref="oc-55a"/>
      </symbol>
      <symbol id="sm-8fa">
         <name>Task_Init</name>
         <value>0x11e06</value>
         <object_component_ref idref="oc-48b"/>
      </symbol>
      <symbol id="sm-91f">
         <name>Terminal_ShowCursor</name>
         <value>0x12de0</value>
         <object_component_ref idref="oc-89e"/>
      </symbol>
      <symbol id="sm-920">
         <name>Terminal_HideCursor</name>
         <value>0x12dc4</value>
         <object_component_ref idref="oc-88c"/>
      </symbol>
      <symbol id="sm-921">
         <name>Terminal_CharXY</name>
         <value>0x12a72</value>
         <object_component_ref idref="oc-78b"/>
      </symbol>
      <symbol id="sm-922">
         <name>Terminal_ClearScreen</name>
         <value>0x12f06</value>
         <object_component_ref idref="oc-4a3"/>
      </symbol>
      <symbol id="sm-963">
         <name>time_ms</name>
         <value>0x3668</value>
      </symbol>
      <symbol id="sm-964">
         <name>rollover_time</name>
         <value>0x3664</value>
      </symbol>
      <symbol id="sm-965">
         <name>DelayMs</name>
         <value>0x12c32</value>
         <object_component_ref idref="oc-774"/>
      </symbol>
      <symbol id="sm-966">
         <name>TimeNow</name>
         <value>0x13094</value>
         <object_component_ref idref="oc-5be"/>
      </symbol>
      <symbol id="sm-967">
         <name>__TI_int53</name>
         <value>0xffea</value>
         <object_component_ref idref="oc-85"/>
      </symbol>
      <symbol id="sm-968">
         <name>Timing_Init</name>
         <value>0x12d88</value>
         <object_component_ref idref="oc-52a"/>
      </symbol>
      <symbol id="sm-969">
         <name>Timing_Roll</name>
         <value>0x1301e</value>
         <object_component_ref idref="oc-635"/>
      </symbol>
      <symbol id="sm-96a">
         <name>TimeSince</name>
         <value>0x127f8</value>
         <object_component_ref idref="oc-847"/>
      </symbol>
      <symbol id="sm-96b">
         <name>hal_Timing_Init</name>
         <value>0x12e7e</value>
         <object_component_ref idref="oc-616"/>
      </symbol>
      <symbol id="sm-96c">
         <name>TIMER0_A0_ISR</name>
         <value>0x4434</value>
         <object_component_ref idref="oc-38c"/>
      </symbol>
      <symbol id="sm-9ed">
         <name>rx0</name>
         <value>0x35c6</value>
      </symbol>
      <symbol id="sm-9ee">
         <name>tx0</name>
         <value>0x35e2</value>
      </symbol>
      <symbol id="sm-9ef">
         <name>tx_buffer_array0</name>
         <value>0x2400</value>
      </symbol>
      <symbol id="sm-9f0">
         <name>rx_buffer_array0</name>
         <value>0x35a6</value>
      </symbol>
      <symbol id="sm-9f1">
         <name>receiverList0</name>
         <value>0x364c</value>
      </symbol>
      <symbol id="sm-9f2">
         <name>receiver_array0</name>
         <value>0x3654</value>
      </symbol>
      <symbol id="sm-9f3">
         <name>uart</name>
         <value>0x35fe</value>
      </symbol>
      <symbol id="sm-9f4">
         <name>rx_flags</name>
         <value>0x3670</value>
      </symbol>
      <symbol id="sm-9f5">
         <name>error_flags</name>
         <value>0x366e</value>
      </symbol>
      <symbol id="sm-9f6">
         <name>UART_Rx_Handler</name>
         <value>0x12836</value>
         <object_component_ref idref="oc-3ea"/>
      </symbol>
      <symbol id="sm-9f7">
         <name>UART_Tx_Handler</name>
         <value>0x124b4</value>
         <object_component_ref idref="oc-3f6"/>
      </symbol>
      <symbol id="sm-9f8">
         <name>UART_printf</name>
         <value>0x12aa4</value>
         <object_component_ref idref="oc-4aa"/>
      </symbol>
      <symbol id="sm-9f9">
         <name>UART_WriteByte</name>
         <value>0x12c08</value>
         <object_component_ref idref="oc-94f"/>
      </symbol>
      <symbol id="sm-9fa">
         <name>UART_RegisterReceiver</name>
         <value>0x126f8</value>
         <object_component_ref idref="oc-7ab"/>
      </symbol>
      <symbol id="sm-9fb">
         <name>UART_IsTransmitting</name>
         <value>0x12da6</value>
         <object_component_ref idref="oc-84e"/>
      </symbol>
      <symbol id="sm-9fc">
         <name>UART_vprintf</name>
         <value>0x12ad6</value>
         <object_component_ref idref="oc-7d1"/>
      </symbol>
      <symbol id="sm-9fd">
         <name>UART_Tick</name>
         <value>0x1080e</value>
         <object_component_ref idref="oc-562"/>
      </symbol>
      <symbol id="sm-9fe">
         <name>UART_UnregisterReceiver</name>
         <value>0x11764</value>
         <object_component_ref idref="oc-8f3"/>
      </symbol>
      <symbol id="sm-9ff">
         <name>UART_Init</name>
         <value>0x1162a</value>
         <object_component_ref idref="oc-491"/>
      </symbol>
      <symbol id="sm-a0b">
         <name>__mspabi_remi</name>
         <value>0x12b5e</value>
         <object_component_ref idref="oc-7be"/>
      </symbol>
      <symbol id="sm-a0c">
         <name>__mspabi_divi</name>
         <value>0x12b5e</value>
         <object_component_ref idref="oc-7be"/>
      </symbol>
      <symbol id="sm-a16">
         <name>__mspabi_remu</name>
         <value>0x12fb6</value>
         <object_component_ref idref="oc-80f"/>
      </symbol>
      <symbol id="sm-a17">
         <name>__mspabi_divu</name>
         <value>0x12fb6</value>
         <object_component_ref idref="oc-80f"/>
      </symbol>
      <symbol id="sm-a26">
         <name>__mspabi_remul</name>
         <value>0x121d2</value>
         <object_component_ref idref="oc-64a"/>
      </symbol>
      <symbol id="sm-a27">
         <name>__mspabi_divul</name>
         <value>0x121d2</value>
         <object_component_ref idref="oc-64a"/>
      </symbol>
      <symbol id="sm-a3e">
         <name>__mspabi_mpyf</name>
         <value>0x112c8</value>
         <object_component_ref idref="oc-823"/>
      </symbol>
      <symbol id="sm-a50">
         <name>__mspabi_fixfi</name>
         <value>0x11ee4</value>
         <object_component_ref idref="oc-81e"/>
      </symbol>
      <symbol id="sm-a63">
         <name>__mspabi_fixfli</name>
         <value>0x11b34</value>
         <object_component_ref idref="oc-828"/>
      </symbol>
      <symbol id="sm-a66">
         <name>__TI_int41</name>
         <value>0xffd2</value>
         <object_component_ref idref="oc-79"/>
      </symbol>
      <symbol id="sm-a69">
         <name>__TI_int42</name>
         <value>0xffd4</value>
         <object_component_ref idref="oc-7a"/>
      </symbol>
      <symbol id="sm-a6c">
         <name>__TI_int43</name>
         <value>0xffd6</value>
         <object_component_ref idref="oc-7b"/>
      </symbol>
      <symbol id="sm-a6f">
         <name>__TI_int44</name>
         <value>0xffd8</value>
         <object_component_ref idref="oc-7c"/>
      </symbol>
      <symbol id="sm-a72">
         <name>__TI_int45</name>
         <value>0xffda</value>
         <object_component_ref idref="oc-7d"/>
      </symbol>
      <symbol id="sm-a75">
         <name>__TI_int46</name>
         <value>0xffdc</value>
         <object_component_ref idref="oc-7e"/>
      </symbol>
      <symbol id="sm-a78">
         <name>__TI_int47</name>
         <value>0xffde</value>
         <object_component_ref idref="oc-7f"/>
      </symbol>
      <symbol id="sm-a7b">
         <name>__TI_int48</name>
         <value>0xffe0</value>
         <object_component_ref idref="oc-80"/>
      </symbol>
      <symbol id="sm-a7e">
         <name>__TI_int49</name>
         <value>0xffe2</value>
         <object_component_ref idref="oc-81"/>
      </symbol>
      <symbol id="sm-a81">
         <name>__TI_int50</name>
         <value>0xffe4</value>
         <object_component_ref idref="oc-82"/>
      </symbol>
      <symbol id="sm-a84">
         <name>__TI_int51</name>
         <value>0xffe6</value>
         <object_component_ref idref="oc-83"/>
      </symbol>
      <symbol id="sm-a87">
         <name>__TI_int52</name>
         <value>0xffe8</value>
         <object_component_ref idref="oc-84"/>
      </symbol>
      <symbol id="sm-a8a">
         <name>__TI_int54</name>
         <value>0xffec</value>
         <object_component_ref idref="oc-86"/>
      </symbol>
      <symbol id="sm-a8d">
         <name>__TI_int55</name>
         <value>0xffee</value>
         <object_component_ref idref="oc-87"/>
      </symbol>
      <symbol id="sm-a90">
         <name>__TI_int57</name>
         <value>0xfff2</value>
         <object_component_ref idref="oc-89"/>
      </symbol>
      <symbol id="sm-a93">
         <name>__TI_int58</name>
         <value>0xfff4</value>
         <object_component_ref idref="oc-8a"/>
      </symbol>
      <symbol id="sm-a96">
         <name>__TI_int59</name>
         <value>0xfff6</value>
         <object_component_ref idref="oc-8b"/>
      </symbol>
      <symbol id="sm-a99">
         <name>__TI_int60</name>
         <value>0xfff8</value>
         <object_component_ref idref="oc-8c"/>
      </symbol>
      <symbol id="sm-a9c">
         <name>__TI_int61</name>
         <value>0xfffa</value>
         <object_component_ref idref="oc-8d"/>
      </symbol>
      <symbol id="sm-a9f">
         <name>__TI_int62</name>
         <value>0xfffc</value>
         <object_component_ref idref="oc-8e"/>
      </symbol>
      <symbol id="sm-aa7">
         <name>__TI_ISR_TRAP</name>
         <value>0x4442</value>
         <object_component_ref idref="oc-387"/>
      </symbol>
      <symbol id="sm-ab0">
         <name>__mspabi_slli</name>
         <value>0x1309e</value>
         <object_component_ref idref="oc-455"/>
      </symbol>
      <symbol id="sm-ab8">
         <name>__mspabi_srll_8</name>
         <value>0x128ce</value>
         <object_component_ref idref="oc-64f"/>
      </symbol>
      <symbol id="sm-ab9">
         <name>__mspabi_srll_9</name>
         <value>0x128ca</value>
         <object_component_ref idref="oc-64f"/>
      </symbol>
      <symbol id="sm-aba">
         <name>__mspabi_srll_6</name>
         <value>0x128d6</value>
         <object_component_ref idref="oc-64f"/>
      </symbol>
      <symbol id="sm-abb">
         <name>__mspabi_srll_7</name>
         <value>0x128d2</value>
         <object_component_ref idref="oc-64f"/>
      </symbol>
      <symbol id="sm-abc">
         <name>__mspabi_srll_4</name>
         <value>0x128de</value>
         <object_component_ref idref="oc-64f"/>
      </symbol>
      <symbol id="sm-abd">
         <name>__mspabi_srll_5</name>
         <value>0x128da</value>
         <object_component_ref idref="oc-64f"/>
      </symbol>
      <symbol id="sm-abe">
         <name>__mspabi_srll_2</name>
         <value>0x128e6</value>
         <object_component_ref idref="oc-64f"/>
      </symbol>
      <symbol id="sm-abf">
         <name>__mspabi_srll_3</name>
         <value>0x128e2</value>
         <object_component_ref idref="oc-64f"/>
      </symbol>
      <symbol id="sm-ac0">
         <name>__mspabi_srll_1</name>
         <value>0x128ea</value>
         <object_component_ref idref="oc-64f"/>
      </symbol>
      <symbol id="sm-ac1">
         <name>__mspabi_srll_15</name>
         <value>0x128b2</value>
         <object_component_ref idref="oc-64f"/>
      </symbol>
      <symbol id="sm-ac2">
         <name>__mspabi_srll_14</name>
         <value>0x128b6</value>
         <object_component_ref idref="oc-64f"/>
      </symbol>
      <symbol id="sm-ac3">
         <name>__mspabi_srll_13</name>
         <value>0x128ba</value>
         <object_component_ref idref="oc-64f"/>
      </symbol>
      <symbol id="sm-ac4">
         <name>__mspabi_srll_12</name>
         <value>0x128be</value>
         <object_component_ref idref="oc-64f"/>
      </symbol>
      <symbol id="sm-ac5">
         <name>__mspabi_srll_11</name>
         <value>0x128c2</value>
         <object_component_ref idref="oc-64f"/>
      </symbol>
      <symbol id="sm-ac6">
         <name>__mspabi_srll_10</name>
         <value>0x128c6</value>
         <object_component_ref idref="oc-64f"/>
      </symbol>
      <symbol id="sm-acf">
         <name>__mspabi_mpyi_f5hw</name>
         <value>0x12e96</value>
         <object_component_ref idref="oc-441"/>
      </symbol>
      <symbol id="sm-ad9">
         <name>__mspabi_mpyl_f5hw</name>
         <value>0x12ca2</value>
         <object_component_ref idref="oc-90c"/>
      </symbol>
      <symbol id="sm-aeb">
         <name>_stack</name>
         <value>0x4360</value>
         <object_component_ref idref="oc-36b"/>
      </symbol>
      <symbol id="sm-aec">
         <name>_c_int00_noargs</name>
         <value>0x4400</value>
         <object_component_ref idref="oc-3aa"/>
      </symbol>
      <symbol id="sm-aed">
         <name>_reset_vector</name>
         <value>0xfffe</value>
         <object_component_ref idref="oc-36e"/>
      </symbol>
      <symbol id="sm-b10">
         <name>__TI_auto_init_nobinit_nopinit_hold_wdt</name>
         <value>0x122d4</value>
         <object_component_ref idref="oc-4db"/>
      </symbol>
      <symbol id="sm-b23">
         <name>__TI_zero_init</name>
         <value>0x12c5a</value>
         <object_component_ref idref="oc-39e"/>
      </symbol>
      <symbol id="sm-b2f">
         <name>_system_pre_init</name>
         <value>0x130e6</value>
         <object_component_ref idref="oc-405"/>
      </symbol>
      <symbol id="sm-b38">
         <name>_system_post_cinit</name>
         <value>0x130ee</value>
         <object_component_ref idref="oc-5e9"/>
      </symbol>
      <symbol id="sm-b49">
         <name>__TI_decompress_none</name>
         <value>0x13046</value>
         <object_component_ref idref="oc-73"/>
      </symbol>
      <symbol id="sm-b6c">
         <name>__TI_decompress_lzss</name>
         <value>0x11d20</value>
         <object_component_ref idref="oc-6d"/>
      </symbol>
      <symbol id="sm-b7f">
         <name>__mspabi_cvtdf</name>
         <value>0x119a8</value>
         <object_component_ref idref="oc-70b"/>
      </symbol>
      <symbol id="sm-b89">
         <name>C$$EXIT</name>
         <value>0x130d8</value>
         <object_component_ref idref="oc-4b7"/>
      </symbol>
      <symbol id="sm-b8a">
         <name>abort</name>
         <value>0x130d8</value>
         <object_component_ref idref="oc-4b7"/>
      </symbol>
      <symbol id="sm-ba0">
         <name>_nop</name>
         <value>0x130ec</value>
         <object_component_ref idref="oc-73a"/>
      </symbol>
      <symbol id="sm-ba1">
         <name>_lock</name>
         <value>0x3686</value>
         <object_component_ref idref="oc-5db"/>
      </symbol>
      <symbol id="sm-ba2">
         <name>_unlock</name>
         <value>0x368a</value>
         <object_component_ref idref="oc-5e4"/>
      </symbol>
      <symbol id="sm-bb1">
         <name>memcpy</name>
         <value>0x13032</value>
         <object_component_ref idref="oc-37a"/>
      </symbol>
      <symbol id="sm-bca">
         <name>rand</name>
         <value>0x1273c</value>
         <object_component_ref idref="oc-8ab"/>
      </symbol>
      <symbol id="sm-bcb">
         <name>srand</name>
         <value>0x12fcc</value>
         <object_component_ref idref="oc-8a5"/>
      </symbol>
      <symbol id="sm-bd4">
         <name>__mspabi_slll_9</name>
         <value>0x1288c</value>
         <object_component_ref idref="oc-817"/>
      </symbol>
      <symbol id="sm-bd5">
         <name>__mspabi_slll_8</name>
         <value>0x12890</value>
         <object_component_ref idref="oc-817"/>
      </symbol>
      <symbol id="sm-bd6">
         <name>__mspabi_slll_7</name>
         <value>0x12894</value>
         <object_component_ref idref="oc-817"/>
      </symbol>
      <symbol id="sm-bd7">
         <name>__mspabi_slll_6</name>
         <value>0x12898</value>
         <object_component_ref idref="oc-817"/>
      </symbol>
      <symbol id="sm-bd8">
         <name>__mspabi_slll_5</name>
         <value>0x1289c</value>
         <object_component_ref idref="oc-817"/>
      </symbol>
      <symbol id="sm-bd9">
         <name>__mspabi_slll_4</name>
         <value>0x128a0</value>
         <object_component_ref idref="oc-817"/>
      </symbol>
      <symbol id="sm-bda">
         <name>__mspabi_slll_3</name>
         <value>0x128a4</value>
         <object_component_ref idref="oc-817"/>
      </symbol>
      <symbol id="sm-bdb">
         <name>__mspabi_slll_2</name>
         <value>0x128a8</value>
         <object_component_ref idref="oc-817"/>
      </symbol>
      <symbol id="sm-bdc">
         <name>__mspabi_slll_1</name>
         <value>0x128ac</value>
         <object_component_ref idref="oc-817"/>
      </symbol>
      <symbol id="sm-bdd">
         <name>__mspabi_slll_15</name>
         <value>0x12874</value>
         <object_component_ref idref="oc-817"/>
      </symbol>
      <symbol id="sm-bde">
         <name>__mspabi_slll_14</name>
         <value>0x12878</value>
         <object_component_ref idref="oc-817"/>
      </symbol>
      <symbol id="sm-bdf">
         <name>__mspabi_slll_13</name>
         <value>0x1287c</value>
         <object_component_ref idref="oc-817"/>
      </symbol>
      <symbol id="sm-be0">
         <name>__mspabi_slll_12</name>
         <value>0x12880</value>
         <object_component_ref idref="oc-817"/>
      </symbol>
      <symbol id="sm-be1">
         <name>__mspabi_slll_11</name>
         <value>0x12884</value>
         <object_component_ref idref="oc-817"/>
      </symbol>
      <symbol id="sm-be2">
         <name>__mspabi_slll_10</name>
         <value>0x12888</value>
         <object_component_ref idref="oc-817"/>
      </symbol>
      <symbol id="sm-be5">
         <name>UART_ReconfigureBaud</name>
         <value>0x10254</value>
      </symbol>
   </symbol_table>
   <title>Link successful</title>
</link_info>
